Archive member included to satisfy reference by file (symbol)

bin/libcore.a(wiring.o)       bin/main.o (init)
bin/libcore.a(wiring_digital.o)
                              bin/SPI.o (pinMode)
bin/libcore.a(hooks.o)        bin/libcore.a(wiring.o) (yield)
bin/libcore.a(USBCore.o)      bin/main.o (USBDevice_::attach())
bin/libcore.a(CDC.o)          bin/libcore.a(USBCore.o) (CDC_GetInterface(unsigned char*))
bin/libcore.a(HID.o)          bin/libcore.a(USBCore.o) (HID_GetInterface(unsigned char*))
bin/libcore.a(Print.o)        bin/libcore.a(HID.o) (Print::write(unsigned char const*, unsigned int))
bin/libcore.a(abi.o)          bin/libcore.a(Print.o) (__cxa_pure_virtual)
/usr/lib/gcc/avr/5.2.0/../../../../avr/lib/avr5/libm.a(addsf3.o)
                              bin/libcore.a(Print.o) (__subsf3)
/usr/lib/gcc/avr/5.2.0/../../../../avr/lib/avr5/libm.a(addsf3x.o)
                              /usr/lib/gcc/avr/5.2.0/../../../../avr/lib/avr5/libm.a(addsf3.o) (__addsf3x)
/usr/lib/gcc/avr/5.2.0/../../../../avr/lib/avr5/libm.a(cmpsf2.o)
                              bin/libcore.a(Print.o) (__ltsf2)
/usr/lib/gcc/avr/5.2.0/../../../../avr/lib/avr5/libm.a(divsf3.o)
                              bin/libcore.a(Print.o) (__divsf3)
/usr/lib/gcc/avr/5.2.0/../../../../avr/lib/avr5/libm.a(divsf3x.o)
                              /usr/lib/gcc/avr/5.2.0/../../../../avr/lib/avr5/libm.a(divsf3.o) (__divsf3x)
/usr/lib/gcc/avr/5.2.0/../../../../avr/lib/avr5/libm.a(fixsfsi.o)
                              bin/libcore.a(Print.o) (__fixsfsi)
/usr/lib/gcc/avr/5.2.0/../../../../avr/lib/avr5/libm.a(fixunssfsi.o)
                              bin/libcore.a(Print.o) (__fixunssfsi)
/usr/lib/gcc/avr/5.2.0/../../../../avr/lib/avr5/libm.a(floatsisf.o)
                              bin/libcore.a(Print.o) (__floatunsisf)
/usr/lib/gcc/avr/5.2.0/../../../../avr/lib/avr5/libm.a(fp_cmp.o)
                              /usr/lib/gcc/avr/5.2.0/../../../../avr/lib/avr5/libm.a(cmpsf2.o) (__fp_cmp)
/usr/lib/gcc/avr/5.2.0/../../../../avr/lib/avr5/libm.a(fp_inf.o)
                              /usr/lib/gcc/avr/5.2.0/../../../../avr/lib/avr5/libm.a(addsf3x.o) (__fp_inf)
/usr/lib/gcc/avr/5.2.0/../../../../avr/lib/avr5/libm.a(fp_nan.o)
                              /usr/lib/gcc/avr/5.2.0/../../../../avr/lib/avr5/libm.a(addsf3x.o) (__fp_nan)
/usr/lib/gcc/avr/5.2.0/../../../../avr/lib/avr5/libm.a(fp_pscA.o)
                              /usr/lib/gcc/avr/5.2.0/../../../../avr/lib/avr5/libm.a(addsf3x.o) (__fp_pscA)
/usr/lib/gcc/avr/5.2.0/../../../../avr/lib/avr5/libm.a(fp_pscB.o)
                              /usr/lib/gcc/avr/5.2.0/../../../../avr/lib/avr5/libm.a(addsf3x.o) (__fp_pscB)
/usr/lib/gcc/avr/5.2.0/../../../../avr/lib/avr5/libm.a(fp_round.o)
                              /usr/lib/gcc/avr/5.2.0/../../../../avr/lib/avr5/libm.a(addsf3.o) (__fp_round)
/usr/lib/gcc/avr/5.2.0/../../../../avr/lib/avr5/libm.a(fp_split3.o)
                              /usr/lib/gcc/avr/5.2.0/../../../../avr/lib/avr5/libm.a(addsf3x.o) (__fp_split3)
/usr/lib/gcc/avr/5.2.0/../../../../avr/lib/avr5/libm.a(fp_zero.o)
                              /usr/lib/gcc/avr/5.2.0/../../../../avr/lib/avr5/libm.a(addsf3x.o) (__fp_zero)
/usr/lib/gcc/avr/5.2.0/../../../../avr/lib/avr5/libm.a(gesf2.o)
                              bin/libcore.a(Print.o) (__gtsf2)
/usr/lib/gcc/avr/5.2.0/../../../../avr/lib/avr5/libm.a(mulsf3.o)
                              bin/libcore.a(Print.o) (__mulsf3)
/usr/lib/gcc/avr/5.2.0/../../../../avr/lib/avr5/libm.a(mulsf3x.o)
                              /usr/lib/gcc/avr/5.2.0/../../../../avr/lib/avr5/libm.a(mulsf3.o) (__mulsf3x)
/usr/lib/gcc/avr/5.2.0/../../../../avr/lib/avr5/libm.a(unordsf2.o)
                              bin/libcore.a(Print.o) (__unordsf2)
/usr/lib/gcc/avr/5.2.0/avr5/libgcc.a(_udivmodsi4.o)
                              bin/Wire.o (__udivmodsi4)
/usr/lib/gcc/avr/5.2.0/avr5/libgcc.a(_exit.o)
                              /usr/lib/gcc/avr/5.2.0/../../../../avr/lib/avr5/crtatmega32u4.o (exit)
/usr/lib/gcc/avr/5.2.0/avr5/libgcc.a(_tablejump2.o)
                              bin/libcore.a(wiring_digital.o) (__tablejump2__)
/usr/lib/gcc/avr/5.2.0/avr5/libgcc.a(_copy_data.o)
                              bin/Wire.o (__do_copy_data)
/usr/lib/gcc/avr/5.2.0/avr5/libgcc.a(_clear_bss.o)
                              bin/twi.o (__do_clear_bss)
/usr/lib/gcc/avr/5.2.0/avr5/libgcc.a(_ctors.o)
                              bin/Wire.o (__do_global_ctors)
/usr/lib/gcc/avr/5.2.0/../../../../avr/lib/avr5/libc.a(abort.o)
                              bin/libcore.a(abi.o) (abort)

Discarded input sections

 .data          0x0000000000000000        0x0 /usr/lib/gcc/avr/5.2.0/../../../../avr/lib/avr5/crtatmega32u4.o
 .bss           0x0000000000000000        0x0 /usr/lib/gcc/avr/5.2.0/../../../../avr/lib/avr5/crtatmega32u4.o
 .text          0x0000000000000000        0x0 bin/main.o
 .data          0x0000000000000000        0x0 bin/main.o
 .bss           0x0000000000000000        0x0 bin/main.o
 .text.atexit   0x0000000000000000        0x6 bin/main.o
 .text          0x0000000000000000        0x0 bin/Nicole.o
 .data          0x0000000000000000        0x0 bin/Nicole.o
 .bss           0x0000000000000000        0x0 bin/Nicole.o
 .stab          0x0000000000000000      0x540 bin/Nicole.o
                                        0x54c (size before relaxing)
 .text.startup.main
                0x0000000000000000       0x28 bin/Nicole.o
 .comment       0x0000000000000000       0x12 bin/Nicole.o
 .text          0x0000000000000000        0x0 bin/twi.o
 .data          0x0000000000000000        0x0 bin/twi.o
 .bss           0x0000000000000000        0x0 bin/twi.o
 .text.twi_init
                0x0000000000000000       0x3c bin/twi.o
 .text.twi_setAddress
                0x0000000000000000        0x8 bin/twi.o
 .text.twi_readFrom
                0x0000000000000000       0x88 bin/twi.o
 .text.twi_writeTo
                0x0000000000000000       0xa4 bin/twi.o
 .text.twi_attachSlaveRxEvent
                0x0000000000000000        0xa bin/twi.o
 .text.twi_attachSlaveTxEvent
                0x0000000000000000        0xa bin/twi.o
 .text.twi_reply
                0x0000000000000000       0x10 bin/twi.o
 .group         0x0000000000000000        0x8 bin/Wire.o
 .text          0x0000000000000000        0x0 bin/Wire.o
 .data          0x0000000000000000        0x0 bin/Wire.o
 .bss           0x0000000000000000        0x0 bin/Wire.o
 .text._ZN7TwoWire16onReceiveServiceEPhi
                0x0000000000000000       0x54 bin/Wire.o
 .text._ZN7TwoWire16onRequestServiceEv
                0x0000000000000000       0x18 bin/Wire.o
 .text._ZN7TwoWire5beginEv
                0x0000000000000000       0x14 bin/Wire.o
 .text._ZN7TwoWire5beginEh
                0x0000000000000000       0x26 bin/Wire.o
 .text._ZN7TwoWire5beginEi
                0x0000000000000000        0x4 bin/Wire.o
 .text._ZN7TwoWire8setClockEm
                0x0000000000000000       0x28 bin/Wire.o
 .text._ZN7TwoWire11requestFromEhhh
                0x0000000000000000       0x1a bin/Wire.o
 .text._ZN7TwoWire11requestFromEhh
                0x0000000000000000        0x6 bin/Wire.o
 .text._ZN7TwoWire11requestFromEii
                0x0000000000000000        0x6 bin/Wire.o
 .text._ZN7TwoWire11requestFromEiii
                0x0000000000000000        0x4 bin/Wire.o
 .text._ZN7TwoWire17beginTransmissionEh
                0x0000000000000000       0x14 bin/Wire.o
 .text._ZN7TwoWire17beginTransmissionEi
                0x0000000000000000        0x4 bin/Wire.o
 .text._ZN7TwoWire15endTransmissionEh
                0x0000000000000000       0x26 bin/Wire.o
 .text._ZN7TwoWire15endTransmissionEv
                0x0000000000000000        0x6 bin/Wire.o
 .text._ZN7TwoWire9onReceiveEPFviE
                0x0000000000000000        0xa bin/Wire.o
 .text._ZN7TwoWire9onRequestEPFvvE
                0x0000000000000000        0xa bin/Wire.o
 .bss._ZN7TwoWire14user_onReceiveE
                0x0000000000000000        0x2 bin/Wire.o
 .bss._ZN7TwoWire14user_onRequestE
                0x0000000000000000        0x2 bin/Wire.o
 .bss._ZN7TwoWire9txAddressE
                0x0000000000000000        0x1 bin/Wire.o
 .text          0x0000000000000000        0x0 bin/SPI.o
 .data          0x0000000000000000        0x0 bin/SPI.o
 .bss           0x0000000000000000        0x0 bin/SPI.o
 .stab          0x0000000000000000      0xd8c bin/SPI.o
                                        0xd98 (size before relaxing)
 .text._ZN8SPIClass5beginEv
                0x0000000000000000       0x6c bin/SPI.o
 .text._ZN8SPIClass3endEv
                0x0000000000000000       0x28 bin/SPI.o
 .text._ZN8SPIClass14usingInterruptEh
                0x0000000000000000       0x52 bin/SPI.o
 .text._ZN8SPIClass17notUsingInterruptEh
                0x0000000000000000       0x36 bin/SPI.o
 .rodata.CSWTCH.20
                0x0000000000000000        0x5 bin/SPI.o
 .bss._ZN8SPIClass13interruptSaveE
                0x0000000000000000        0x1 bin/SPI.o
 .bss._ZN8SPIClass13interruptMaskE
                0x0000000000000000        0x1 bin/SPI.o
 .bss._ZN8SPIClass13interruptModeE
                0x0000000000000000        0x1 bin/SPI.o
 .bss._ZN8SPIClass11initializedE
                0x0000000000000000        0x1 bin/SPI.o
 .bss.SPI       0x0000000000000000        0x1 bin/SPI.o
 .comment       0x0000000000000000       0x12 bin/SPI.o
 .text          0x0000000000000000        0x0 bin/libcore.a(wiring.o)
 .data          0x0000000000000000        0x0 bin/libcore.a(wiring.o)
 .bss           0x0000000000000000        0x0 bin/libcore.a(wiring.o)
 .text.millis   0x0000000000000000       0x18 bin/libcore.a(wiring.o)
 .text.delayMicroseconds
                0x0000000000000000       0x16 bin/libcore.a(wiring.o)
 .text          0x0000000000000000        0x0 bin/libcore.a(wiring_digital.o)
 .data          0x0000000000000000        0x0 bin/libcore.a(wiring_digital.o)
 .bss           0x0000000000000000        0x0 bin/libcore.a(wiring_digital.o)
 .stab          0x0000000000000000      0x8e8 bin/libcore.a(wiring_digital.o)
                                        0xbac (size before relaxing)
 .text.turnOffPWM
                0x0000000000000000       0x7a bin/libcore.a(wiring_digital.o)
 .progmem.gcc_sw_table.turnOffPWM
                0x0000000000000000       0x1e bin/libcore.a(wiring_digital.o)
 .text.pinMode  0x0000000000000000       0x78 bin/libcore.a(wiring_digital.o)
 .text.digitalWrite
                0x0000000000000000       0x70 bin/libcore.a(wiring_digital.o)
 .text.digitalRead
                0x0000000000000000       0x52 bin/libcore.a(wiring_digital.o)
 .progmem.data.analog_pin_to_channel_PGM
                0x0000000000000000        0xc bin/libcore.a(wiring_digital.o)
 .progmem.data.digital_pin_to_timer_PGM
                0x0000000000000000       0x1e bin/libcore.a(wiring_digital.o)
 .progmem.data.digital_pin_to_bit_mask_PGM
                0x0000000000000000       0x1e bin/libcore.a(wiring_digital.o)
 .progmem.data.digital_pin_to_port_PGM
                0x0000000000000000       0x1e bin/libcore.a(wiring_digital.o)
 .progmem.data.port_to_input_PGM
                0x0000000000000000        0xe bin/libcore.a(wiring_digital.o)
 .progmem.data.port_to_output_PGM
                0x0000000000000000        0xe bin/libcore.a(wiring_digital.o)
 .progmem.data.port_to_mode_PGM
                0x0000000000000000        0xe bin/libcore.a(wiring_digital.o)
 .comment       0x0000000000000000       0x12 bin/libcore.a(wiring_digital.o)
 .text          0x0000000000000000        0x0 bin/libcore.a(hooks.o)
 .data          0x0000000000000000        0x0 bin/libcore.a(hooks.o)
 .bss           0x0000000000000000        0x0 bin/libcore.a(hooks.o)
 .group         0x0000000000000000        0x8 bin/libcore.a(USBCore.o)
 .text          0x0000000000000000        0x0 bin/libcore.a(USBCore.o)
 .data          0x0000000000000000        0x0 bin/libcore.a(USBCore.o)
 .bss           0x0000000000000000        0x0 bin/libcore.a(USBCore.o)
 .text._Z19USBGetConfigurationv
                0x0000000000000000        0x6 bin/libcore.a(USBCore.o)
 .text._Z12USBConnectedv
                0x0000000000000000       0x22 bin/libcore.a(USBCore.o)
 .text._ZN10USBDevice_C2Ev
                0x0000000000000000        0x2 bin/libcore.a(USBCore.o)
 .text._ZN10USBDevice_6detachEv
                0x0000000000000000        0x2 bin/libcore.a(USBCore.o)
 .text._ZN10USBDevice_10configuredEv
                0x0000000000000000        0xe bin/libcore.a(USBCore.o)
 .text._ZN10USBDevice_4pollEv
                0x0000000000000000        0x2 bin/libcore.a(USBCore.o)
 .group         0x0000000000000000        0x8 bin/libcore.a(CDC.o)
 .text          0x0000000000000000        0x0 bin/libcore.a(CDC.o)
 .data          0x0000000000000000        0x0 bin/libcore.a(CDC.o)
 .bss           0x0000000000000000        0x0 bin/libcore.a(CDC.o)
 .text._ZN7Serial_5beginEm
                0x0000000000000000        0xc bin/libcore.a(CDC.o)
 .text._ZN7Serial_5beginEmh
                0x0000000000000000        0xc bin/libcore.a(CDC.o)
 .text._ZN7Serial_3endEv
                0x0000000000000000        0x2 bin/libcore.a(CDC.o)
 .text._ZN7Serial_cvbEv
                0x0000000000000000       0x1e bin/libcore.a(CDC.o)
 .group         0x0000000000000000        0x8 bin/libcore.a(HID.o)
 .text          0x0000000000000000        0x0 bin/libcore.a(HID.o)
 .data          0x0000000000000000        0x0 bin/libcore.a(HID.o)
 .bss           0x0000000000000000        0x0 bin/libcore.a(HID.o)
 .text._ZN6Mouse_C2Ev
                0x0000000000000000        0x6 bin/libcore.a(HID.o)
 .text._ZN6Mouse_5beginEv
                0x0000000000000000        0x2 bin/libcore.a(HID.o)
 .text._ZN6Mouse_3endEv
                0x0000000000000000        0x2 bin/libcore.a(HID.o)
 .text._ZN6Mouse_4moveEaaa
                0x0000000000000000       0x36 bin/libcore.a(HID.o)
 .text._ZN6Mouse_5clickEh
                0x0000000000000000       0x24 bin/libcore.a(HID.o)
 .text._ZN6Mouse_7buttonsEh
                0x0000000000000000       0x16 bin/libcore.a(HID.o)
 .text._ZN6Mouse_5pressEh
                0x0000000000000000        0xa bin/libcore.a(HID.o)
 .text._ZN6Mouse_7releaseEh
                0x0000000000000000        0xc bin/libcore.a(HID.o)
 .text._ZN6Mouse_9isPressedEh
                0x0000000000000000        0xe bin/libcore.a(HID.o)
 .text._ZN9Keyboard_C2Ev
                0x0000000000000000       0x10 bin/libcore.a(HID.o)
 .text._ZN9Keyboard_5beginEv
                0x0000000000000000        0x2 bin/libcore.a(HID.o)
 .text._ZN9Keyboard_3endEv
                0x0000000000000000        0x2 bin/libcore.a(HID.o)
 .group         0x0000000000000000        0x8 bin/libcore.a(Print.o)
 .group         0x0000000000000000        0x8 bin/libcore.a(Print.o)
 .text          0x0000000000000000        0x0 bin/libcore.a(Print.o)
 .data          0x0000000000000000        0x0 bin/libcore.a(Print.o)
 .bss           0x0000000000000000        0x0 bin/libcore.a(Print.o)
 .text._ZN5Print5writeEPKc
                0x0000000000000000       0x2a bin/libcore.a(Print.o)
 .text._ZN5Print5printEPK19__FlashStringHelper
                0x0000000000000000       0x46 bin/libcore.a(Print.o)
 .text._ZN5Print5printERK6String
                0x0000000000000000       0x1c bin/libcore.a(Print.o)
 .text._ZN5Print5printEPKc
                0x0000000000000000        0x4 bin/libcore.a(Print.o)
 .text._ZN5Print5printEc
                0x0000000000000000        0xe bin/libcore.a(Print.o)
 .text._ZN5Print5printERK9Printable
                0x0000000000000000       0x14 bin/libcore.a(Print.o)
 .rodata.str1.1
                0x0000000000000000       0x11 bin/libcore.a(Print.o)
 .text._ZN5Print7printlnEv
                0x0000000000000000        0x8 bin/libcore.a(Print.o)
 .text._ZN5Print7printlnEPK19__FlashStringHelper
                0x0000000000000000       0x24 bin/libcore.a(Print.o)
 .text._ZN5Print7printlnERK6String
                0x0000000000000000       0x24 bin/libcore.a(Print.o)
 .text._ZN5Print7printlnEPKc
                0x0000000000000000       0x24 bin/libcore.a(Print.o)
 .text._ZN5Print7printlnEc
                0x0000000000000000       0x24 bin/libcore.a(Print.o)
 .text._ZN5Print7printlnERK9Printable
                0x0000000000000000       0x24 bin/libcore.a(Print.o)
 .text._ZN5Print11printNumberEmh
                0x0000000000000000       0xac bin/libcore.a(Print.o)
 .text._ZN5Print5printEmi
                0x0000000000000000       0x1a bin/libcore.a(Print.o)
 .text._ZN5Print5printEhi
                0x0000000000000000        0xe bin/libcore.a(Print.o)
 .text._ZN5Print7printlnEhi
                0x0000000000000000       0x2e bin/libcore.a(Print.o)
 .text._ZN5Print5printEji
                0x0000000000000000        0xc bin/libcore.a(Print.o)
 .text._ZN5Print7printlnEji
                0x0000000000000000       0x2c bin/libcore.a(Print.o)
 .text._ZN5Print7printlnEmi
                0x0000000000000000       0x24 bin/libcore.a(Print.o)
 .text._ZN5Print5printEli
                0x0000000000000000       0x94 bin/libcore.a(Print.o)
 .text._ZN5Print5printEii
                0x0000000000000000        0xe bin/libcore.a(Print.o)
 .text._ZN5Print7printlnEii
                0x0000000000000000       0x2e bin/libcore.a(Print.o)
 .text._ZN5Print7printlnEli
                0x0000000000000000       0x24 bin/libcore.a(Print.o)
 .text._ZN5Print10printFloatEdh
                0x0000000000000000      0x1be bin/libcore.a(Print.o)
 .text._ZN5Print5printEdi
                0x0000000000000000        0x4 bin/libcore.a(Print.o)
 .text._ZN5Print7printlnEdi
                0x0000000000000000       0x24 bin/libcore.a(Print.o)
 .rodata._ZTV5Print
                0x0000000000000000        0x8 bin/libcore.a(Print.o)
 .text          0x0000000000000000        0x0 bin/libcore.a(abi.o)
 .data          0x0000000000000000        0x0 bin/libcore.a(abi.o)
 .bss           0x0000000000000000        0x0 bin/libcore.a(abi.o)
 .stab          0x0000000000000000      0x3a8 bin/libcore.a(abi.o)
                                        0x3b4 (size before relaxing)
 .text.__cxa_pure_virtual
                0x0000000000000000        0x4 bin/libcore.a(abi.o)
 .text.__cxa_deleted_virtual
                0x0000000000000000        0x4 bin/libcore.a(abi.o)
 .comment       0x0000000000000000       0x12 bin/libcore.a(abi.o)
 .text          0x0000000000000000        0x0 /usr/lib/gcc/avr/5.2.0/../../../../avr/lib/avr5/libm.a(addsf3.o)
 .data          0x0000000000000000        0x0 /usr/lib/gcc/avr/5.2.0/../../../../avr/lib/avr5/libm.a(addsf3.o)
 .bss           0x0000000000000000        0x0 /usr/lib/gcc/avr/5.2.0/../../../../avr/lib/avr5/libm.a(addsf3.o)
 .text.avr-libc.fplib
                0x0000000000000000        0xe /usr/lib/gcc/avr/5.2.0/../../../../avr/lib/avr5/libm.a(addsf3.o)
 .text          0x0000000000000000        0x0 /usr/lib/gcc/avr/5.2.0/../../../../avr/lib/avr5/libm.a(addsf3x.o)
 .data          0x0000000000000000        0x0 /usr/lib/gcc/avr/5.2.0/../../../../avr/lib/avr5/libm.a(addsf3x.o)
 .bss           0x0000000000000000        0x0 /usr/lib/gcc/avr/5.2.0/../../../../avr/lib/avr5/libm.a(addsf3x.o)
 .text.avr-libc.fplib
                0x0000000000000000       0xcc /usr/lib/gcc/avr/5.2.0/../../../../avr/lib/avr5/libm.a(addsf3x.o)
 .text          0x0000000000000000        0x0 /usr/lib/gcc/avr/5.2.0/../../../../avr/lib/avr5/libm.a(cmpsf2.o)
 .data          0x0000000000000000        0x0 /usr/lib/gcc/avr/5.2.0/../../../../avr/lib/avr5/libm.a(cmpsf2.o)
 .bss           0x0000000000000000        0x0 /usr/lib/gcc/avr/5.2.0/../../../../avr/lib/avr5/libm.a(cmpsf2.o)
 .text.avr-libc.fplib
                0x0000000000000000        0xa /usr/lib/gcc/avr/5.2.0/../../../../avr/lib/avr5/libm.a(cmpsf2.o)
 .text          0x0000000000000000        0x0 /usr/lib/gcc/avr/5.2.0/../../../../avr/lib/avr5/libm.a(divsf3.o)
 .data          0x0000000000000000        0x0 /usr/lib/gcc/avr/5.2.0/../../../../avr/lib/avr5/libm.a(divsf3.o)
 .bss           0x0000000000000000        0x0 /usr/lib/gcc/avr/5.2.0/../../../../avr/lib/avr5/libm.a(divsf3.o)
 .text.avr-libc.fplib
                0x0000000000000000        0x8 /usr/lib/gcc/avr/5.2.0/../../../../avr/lib/avr5/libm.a(divsf3.o)
 .text          0x0000000000000000        0x0 /usr/lib/gcc/avr/5.2.0/../../../../avr/lib/avr5/libm.a(divsf3x.o)
 .data          0x0000000000000000        0x0 /usr/lib/gcc/avr/5.2.0/../../../../avr/lib/avr5/libm.a(divsf3x.o)
 .bss           0x0000000000000000        0x0 /usr/lib/gcc/avr/5.2.0/../../../../avr/lib/avr5/libm.a(divsf3x.o)
 .text.avr-libc.fplib
                0x0000000000000000       0xdc /usr/lib/gcc/avr/5.2.0/../../../../avr/lib/avr5/libm.a(divsf3x.o)
 .text          0x0000000000000000        0x0 /usr/lib/gcc/avr/5.2.0/../../../../avr/lib/avr5/libm.a(fixsfsi.o)
 .data          0x0000000000000000        0x0 /usr/lib/gcc/avr/5.2.0/../../../../avr/lib/avr5/libm.a(fixsfsi.o)
 .bss           0x0000000000000000        0x0 /usr/lib/gcc/avr/5.2.0/../../../../avr/lib/avr5/libm.a(fixsfsi.o)
 .text.avr-libc.fplib
                0x0000000000000000        0xe /usr/lib/gcc/avr/5.2.0/../../../../avr/lib/avr5/libm.a(fixsfsi.o)
 .text          0x0000000000000000        0x0 /usr/lib/gcc/avr/5.2.0/../../../../avr/lib/avr5/libm.a(fixunssfsi.o)
 .data          0x0000000000000000        0x0 /usr/lib/gcc/avr/5.2.0/../../../../avr/lib/avr5/libm.a(fixunssfsi.o)
 .bss           0x0000000000000000        0x0 /usr/lib/gcc/avr/5.2.0/../../../../avr/lib/avr5/libm.a(fixunssfsi.o)
 .text.avr-libc.fplib
                0x0000000000000000       0x5e /usr/lib/gcc/avr/5.2.0/../../../../avr/lib/avr5/libm.a(fixunssfsi.o)
 .text          0x0000000000000000        0x0 /usr/lib/gcc/avr/5.2.0/../../../../avr/lib/avr5/libm.a(floatsisf.o)
 .data          0x0000000000000000        0x0 /usr/lib/gcc/avr/5.2.0/../../../../avr/lib/avr5/libm.a(floatsisf.o)
 .bss           0x0000000000000000        0x0 /usr/lib/gcc/avr/5.2.0/../../../../avr/lib/avr5/libm.a(floatsisf.o)
 .text.avr-libc.fplib
                0x0000000000000000       0x7a /usr/lib/gcc/avr/5.2.0/../../../../avr/lib/avr5/libm.a(floatsisf.o)
 .text          0x0000000000000000        0x0 /usr/lib/gcc/avr/5.2.0/../../../../avr/lib/avr5/libm.a(fp_cmp.o)
 .data          0x0000000000000000        0x0 /usr/lib/gcc/avr/5.2.0/../../../../avr/lib/avr5/libm.a(fp_cmp.o)
 .bss           0x0000000000000000        0x0 /usr/lib/gcc/avr/5.2.0/../../../../avr/lib/avr5/libm.a(fp_cmp.o)
 .text.avr-libc.fplib
                0x0000000000000000       0x48 /usr/lib/gcc/avr/5.2.0/../../../../avr/lib/avr5/libm.a(fp_cmp.o)
 .text          0x0000000000000000        0x0 /usr/lib/gcc/avr/5.2.0/../../../../avr/lib/avr5/libm.a(fp_inf.o)
 .data          0x0000000000000000        0x0 /usr/lib/gcc/avr/5.2.0/../../../../avr/lib/avr5/libm.a(fp_inf.o)
 .bss           0x0000000000000000        0x0 /usr/lib/gcc/avr/5.2.0/../../../../avr/lib/avr5/libm.a(fp_inf.o)
 .text.avr-libc.fplib
                0x0000000000000000        0xc /usr/lib/gcc/avr/5.2.0/../../../../avr/lib/avr5/libm.a(fp_inf.o)
 .text          0x0000000000000000        0x0 /usr/lib/gcc/avr/5.2.0/../../../../avr/lib/avr5/libm.a(fp_nan.o)
 .data          0x0000000000000000        0x0 /usr/lib/gcc/avr/5.2.0/../../../../avr/lib/avr5/libm.a(fp_nan.o)
 .bss           0x0000000000000000        0x0 /usr/lib/gcc/avr/5.2.0/../../../../avr/lib/avr5/libm.a(fp_nan.o)
 .text.avr-libc.fplib
                0x0000000000000000        0x6 /usr/lib/gcc/avr/5.2.0/../../../../avr/lib/avr5/libm.a(fp_nan.o)
 .text          0x0000000000000000        0x0 /usr/lib/gcc/avr/5.2.0/../../../../avr/lib/avr5/libm.a(fp_pscA.o)
 .data          0x0000000000000000        0x0 /usr/lib/gcc/avr/5.2.0/../../../../avr/lib/avr5/libm.a(fp_pscA.o)
 .bss           0x0000000000000000        0x0 /usr/lib/gcc/avr/5.2.0/../../../../avr/lib/avr5/libm.a(fp_pscA.o)
 .text.avr-libc.fplib
                0x0000000000000000        0xe /usr/lib/gcc/avr/5.2.0/../../../../avr/lib/avr5/libm.a(fp_pscA.o)
 .text          0x0000000000000000        0x0 /usr/lib/gcc/avr/5.2.0/../../../../avr/lib/avr5/libm.a(fp_pscB.o)
 .data          0x0000000000000000        0x0 /usr/lib/gcc/avr/5.2.0/../../../../avr/lib/avr5/libm.a(fp_pscB.o)
 .bss           0x0000000000000000        0x0 /usr/lib/gcc/avr/5.2.0/../../../../avr/lib/avr5/libm.a(fp_pscB.o)
 .text.avr-libc.fplib
                0x0000000000000000        0xe /usr/lib/gcc/avr/5.2.0/../../../../avr/lib/avr5/libm.a(fp_pscB.o)
 .text          0x0000000000000000        0x0 /usr/lib/gcc/avr/5.2.0/../../../../avr/lib/avr5/libm.a(fp_round.o)
 .data          0x0000000000000000        0x0 /usr/lib/gcc/avr/5.2.0/../../../../avr/lib/avr5/libm.a(fp_round.o)
 .bss           0x0000000000000000        0x0 /usr/lib/gcc/avr/5.2.0/../../../../avr/lib/avr5/libm.a(fp_round.o)
 .text.avr-libc.fplib
                0x0000000000000000       0x22 /usr/lib/gcc/avr/5.2.0/../../../../avr/lib/avr5/libm.a(fp_round.o)
 .text          0x0000000000000000        0x0 /usr/lib/gcc/avr/5.2.0/../../../../avr/lib/avr5/libm.a(fp_split3.o)
 .data          0x0000000000000000        0x0 /usr/lib/gcc/avr/5.2.0/../../../../avr/lib/avr5/libm.a(fp_split3.o)
 .bss           0x0000000000000000        0x0 /usr/lib/gcc/avr/5.2.0/../../../../avr/lib/avr5/libm.a(fp_split3.o)
 .text.avr-libc.fplib
                0x0000000000000000       0x44 /usr/lib/gcc/avr/5.2.0/../../../../avr/lib/avr5/libm.a(fp_split3.o)
 .text          0x0000000000000000        0x0 /usr/lib/gcc/avr/5.2.0/../../../../avr/lib/avr5/libm.a(fp_zero.o)
 .data          0x0000000000000000        0x0 /usr/lib/gcc/avr/5.2.0/../../../../avr/lib/avr5/libm.a(fp_zero.o)
 .bss           0x0000000000000000        0x0 /usr/lib/gcc/avr/5.2.0/../../../../avr/lib/avr5/libm.a(fp_zero.o)
 .text.avr-libc.fplib
                0x0000000000000000        0xe /usr/lib/gcc/avr/5.2.0/../../../../avr/lib/avr5/libm.a(fp_zero.o)
 .text          0x0000000000000000        0x0 /usr/lib/gcc/avr/5.2.0/../../../../avr/lib/avr5/libm.a(gesf2.o)
 .data          0x0000000000000000        0x0 /usr/lib/gcc/avr/5.2.0/../../../../avr/lib/avr5/libm.a(gesf2.o)
 .bss           0x0000000000000000        0x0 /usr/lib/gcc/avr/5.2.0/../../../../avr/lib/avr5/libm.a(gesf2.o)
 .text.avr-libc.fplib
                0x0000000000000000        0xa /usr/lib/gcc/avr/5.2.0/../../../../avr/lib/avr5/libm.a(gesf2.o)
 .text          0x0000000000000000        0x0 /usr/lib/gcc/avr/5.2.0/../../../../avr/lib/avr5/libm.a(mulsf3.o)
 .data          0x0000000000000000        0x0 /usr/lib/gcc/avr/5.2.0/../../../../avr/lib/avr5/libm.a(mulsf3.o)
 .bss           0x0000000000000000        0x0 /usr/lib/gcc/avr/5.2.0/../../../../avr/lib/avr5/libm.a(mulsf3.o)
 .text.avr-libc.fplib
                0x0000000000000000        0x8 /usr/lib/gcc/avr/5.2.0/../../../../avr/lib/avr5/libm.a(mulsf3.o)
 .text          0x0000000000000000        0x0 /usr/lib/gcc/avr/5.2.0/../../../../avr/lib/avr5/libm.a(mulsf3x.o)
 .data          0x0000000000000000        0x0 /usr/lib/gcc/avr/5.2.0/../../../../avr/lib/avr5/libm.a(mulsf3x.o)
 .bss           0x0000000000000000        0x0 /usr/lib/gcc/avr/5.2.0/../../../../avr/lib/avr5/libm.a(mulsf3x.o)
 .text.avr-libc.fplib
                0x0000000000000000       0xd2 /usr/lib/gcc/avr/5.2.0/../../../../avr/lib/avr5/libm.a(mulsf3x.o)
 .text          0x0000000000000000        0x0 /usr/lib/gcc/avr/5.2.0/../../../../avr/lib/avr5/libm.a(unordsf2.o)
 .data          0x0000000000000000        0x0 /usr/lib/gcc/avr/5.2.0/../../../../avr/lib/avr5/libm.a(unordsf2.o)
 .bss           0x0000000000000000        0x0 /usr/lib/gcc/avr/5.2.0/../../../../avr/lib/avr5/libm.a(unordsf2.o)
 .text.avr-libc.fplib
                0x0000000000000000        0xa /usr/lib/gcc/avr/5.2.0/../../../../avr/lib/avr5/libm.a(unordsf2.o)
 .text          0x0000000000000000        0x0 /usr/lib/gcc/avr/5.2.0/avr5/libgcc.a(_udivmodsi4.o)
 .data          0x0000000000000000        0x0 /usr/lib/gcc/avr/5.2.0/avr5/libgcc.a(_udivmodsi4.o)
 .bss           0x0000000000000000        0x0 /usr/lib/gcc/avr/5.2.0/avr5/libgcc.a(_udivmodsi4.o)
 .text.libgcc.mul
                0x0000000000000000        0x0 /usr/lib/gcc/avr/5.2.0/avr5/libgcc.a(_udivmodsi4.o)
 .text.libgcc.div
                0x0000000000000000       0x44 /usr/lib/gcc/avr/5.2.0/avr5/libgcc.a(_udivmodsi4.o)
 .text.libgcc   0x0000000000000000        0x0 /usr/lib/gcc/avr/5.2.0/avr5/libgcc.a(_udivmodsi4.o)
 .text.libgcc.prologue
                0x0000000000000000        0x0 /usr/lib/gcc/avr/5.2.0/avr5/libgcc.a(_udivmodsi4.o)
 .text.libgcc.builtins
                0x0000000000000000        0x0 /usr/lib/gcc/avr/5.2.0/avr5/libgcc.a(_udivmodsi4.o)
 .text.libgcc.fmul
                0x0000000000000000        0x0 /usr/lib/gcc/avr/5.2.0/avr5/libgcc.a(_udivmodsi4.o)
 .text.libgcc.fixed
                0x0000000000000000        0x0 /usr/lib/gcc/avr/5.2.0/avr5/libgcc.a(_udivmodsi4.o)
 .text          0x0000000000000000        0x0 /usr/lib/gcc/avr/5.2.0/avr5/libgcc.a(_exit.o)
 .data          0x0000000000000000        0x0 /usr/lib/gcc/avr/5.2.0/avr5/libgcc.a(_exit.o)
 .bss           0x0000000000000000        0x0 /usr/lib/gcc/avr/5.2.0/avr5/libgcc.a(_exit.o)
 .text.libgcc.mul
                0x0000000000000000        0x0 /usr/lib/gcc/avr/5.2.0/avr5/libgcc.a(_exit.o)
 .text.libgcc.div
                0x0000000000000000        0x0 /usr/lib/gcc/avr/5.2.0/avr5/libgcc.a(_exit.o)
 .text.libgcc   0x0000000000000000        0x0 /usr/lib/gcc/avr/5.2.0/avr5/libgcc.a(_exit.o)
 .text.libgcc.prologue
                0x0000000000000000        0x0 /usr/lib/gcc/avr/5.2.0/avr5/libgcc.a(_exit.o)
 .text.libgcc.builtins
                0x0000000000000000        0x0 /usr/lib/gcc/avr/5.2.0/avr5/libgcc.a(_exit.o)
 .text.libgcc.fmul
                0x0000000000000000        0x0 /usr/lib/gcc/avr/5.2.0/avr5/libgcc.a(_exit.o)
 .text.libgcc.fixed
                0x0000000000000000        0x0 /usr/lib/gcc/avr/5.2.0/avr5/libgcc.a(_exit.o)
 .text          0x0000000000000000        0x0 /usr/lib/gcc/avr/5.2.0/avr5/libgcc.a(_tablejump2.o)
 .data          0x0000000000000000        0x0 /usr/lib/gcc/avr/5.2.0/avr5/libgcc.a(_tablejump2.o)
 .bss           0x0000000000000000        0x0 /usr/lib/gcc/avr/5.2.0/avr5/libgcc.a(_tablejump2.o)
 .text.libgcc.mul
                0x0000000000000000        0x0 /usr/lib/gcc/avr/5.2.0/avr5/libgcc.a(_tablejump2.o)
 .text.libgcc.div
                0x0000000000000000        0x0 /usr/lib/gcc/avr/5.2.0/avr5/libgcc.a(_tablejump2.o)
 .text.libgcc.prologue
                0x0000000000000000        0x0 /usr/lib/gcc/avr/5.2.0/avr5/libgcc.a(_tablejump2.o)
 .text.libgcc.builtins
                0x0000000000000000        0x0 /usr/lib/gcc/avr/5.2.0/avr5/libgcc.a(_tablejump2.o)
 .text.libgcc.fmul
                0x0000000000000000        0x0 /usr/lib/gcc/avr/5.2.0/avr5/libgcc.a(_tablejump2.o)
 .text.libgcc.fixed
                0x0000000000000000        0x0 /usr/lib/gcc/avr/5.2.0/avr5/libgcc.a(_tablejump2.o)
 .text          0x0000000000000000        0x0 /usr/lib/gcc/avr/5.2.0/avr5/libgcc.a(_copy_data.o)
 .data          0x0000000000000000        0x0 /usr/lib/gcc/avr/5.2.0/avr5/libgcc.a(_copy_data.o)
 .bss           0x0000000000000000        0x0 /usr/lib/gcc/avr/5.2.0/avr5/libgcc.a(_copy_data.o)
 .text.libgcc.mul
                0x0000000000000000        0x0 /usr/lib/gcc/avr/5.2.0/avr5/libgcc.a(_copy_data.o)
 .text.libgcc.div
                0x0000000000000000        0x0 /usr/lib/gcc/avr/5.2.0/avr5/libgcc.a(_copy_data.o)
 .text.libgcc   0x0000000000000000        0x0 /usr/lib/gcc/avr/5.2.0/avr5/libgcc.a(_copy_data.o)
 .text.libgcc.prologue
                0x0000000000000000        0x0 /usr/lib/gcc/avr/5.2.0/avr5/libgcc.a(_copy_data.o)
 .text.libgcc.builtins
                0x0000000000000000        0x0 /usr/lib/gcc/avr/5.2.0/avr5/libgcc.a(_copy_data.o)
 .text.libgcc.fmul
                0x0000000000000000        0x0 /usr/lib/gcc/avr/5.2.0/avr5/libgcc.a(_copy_data.o)
 .text.libgcc.fixed
                0x0000000000000000        0x0 /usr/lib/gcc/avr/5.2.0/avr5/libgcc.a(_copy_data.o)
 .text          0x0000000000000000        0x0 /usr/lib/gcc/avr/5.2.0/avr5/libgcc.a(_clear_bss.o)
 .data          0x0000000000000000        0x0 /usr/lib/gcc/avr/5.2.0/avr5/libgcc.a(_clear_bss.o)
 .bss           0x0000000000000000        0x0 /usr/lib/gcc/avr/5.2.0/avr5/libgcc.a(_clear_bss.o)
 .text.libgcc.mul
                0x0000000000000000        0x0 /usr/lib/gcc/avr/5.2.0/avr5/libgcc.a(_clear_bss.o)
 .text.libgcc.div
                0x0000000000000000        0x0 /usr/lib/gcc/avr/5.2.0/avr5/libgcc.a(_clear_bss.o)
 .text.libgcc   0x0000000000000000        0x0 /usr/lib/gcc/avr/5.2.0/avr5/libgcc.a(_clear_bss.o)
 .text.libgcc.prologue
                0x0000000000000000        0x0 /usr/lib/gcc/avr/5.2.0/avr5/libgcc.a(_clear_bss.o)
 .text.libgcc.builtins
                0x0000000000000000        0x0 /usr/lib/gcc/avr/5.2.0/avr5/libgcc.a(_clear_bss.o)
 .text.libgcc.fmul
                0x0000000000000000        0x0 /usr/lib/gcc/avr/5.2.0/avr5/libgcc.a(_clear_bss.o)
 .text.libgcc.fixed
                0x0000000000000000        0x0 /usr/lib/gcc/avr/5.2.0/avr5/libgcc.a(_clear_bss.o)
 .text          0x0000000000000000        0x0 /usr/lib/gcc/avr/5.2.0/avr5/libgcc.a(_ctors.o)
 .data          0x0000000000000000        0x0 /usr/lib/gcc/avr/5.2.0/avr5/libgcc.a(_ctors.o)
 .bss           0x0000000000000000        0x0 /usr/lib/gcc/avr/5.2.0/avr5/libgcc.a(_ctors.o)
 .text.libgcc.mul
                0x0000000000000000        0x0 /usr/lib/gcc/avr/5.2.0/avr5/libgcc.a(_ctors.o)
 .text.libgcc.div
                0x0000000000000000        0x0 /usr/lib/gcc/avr/5.2.0/avr5/libgcc.a(_ctors.o)
 .text.libgcc   0x0000000000000000        0x0 /usr/lib/gcc/avr/5.2.0/avr5/libgcc.a(_ctors.o)
 .text.libgcc.prologue
                0x0000000000000000        0x0 /usr/lib/gcc/avr/5.2.0/avr5/libgcc.a(_ctors.o)
 .text.libgcc.builtins
                0x0000000000000000        0x0 /usr/lib/gcc/avr/5.2.0/avr5/libgcc.a(_ctors.o)
 .text.libgcc.fmul
                0x0000000000000000        0x0 /usr/lib/gcc/avr/5.2.0/avr5/libgcc.a(_ctors.o)
 .text.libgcc.fixed
                0x0000000000000000        0x0 /usr/lib/gcc/avr/5.2.0/avr5/libgcc.a(_ctors.o)
 .text          0x0000000000000000        0x0 /usr/lib/gcc/avr/5.2.0/../../../../avr/lib/avr5/libc.a(abort.o)
 .data          0x0000000000000000        0x0 /usr/lib/gcc/avr/5.2.0/../../../../avr/lib/avr5/libc.a(abort.o)
 .bss           0x0000000000000000        0x0 /usr/lib/gcc/avr/5.2.0/../../../../avr/lib/avr5/libc.a(abort.o)
 .text.avr-libc
                0x0000000000000000        0xa /usr/lib/gcc/avr/5.2.0/../../../../avr/lib/avr5/libc.a(abort.o)

Memory Configuration

Name             Origin             Length             Attributes
text             0x0000000000000000 0x0000000000020000 xr
data             0x0000000000800060 0x000000000000ffa0 rw !x
eeprom           0x0000000000810000 0x0000000000010000 rw !x
fuse             0x0000000000820000 0x0000000000000400 rw !x
lock             0x0000000000830000 0x0000000000000400 rw !x
signature        0x0000000000840000 0x0000000000000400 rw !x
*default*        0x0000000000000000 0xffffffffffffffff

Linker script and memory map

Address of section .data set to 0x800100
LOAD /usr/lib/gcc/avr/5.2.0/../../../../avr/lib/avr5/crtatmega32u4.o
LOAD bin/main.o
LOAD bin/Nicole.o
LOAD bin/twi.o
LOAD bin/Wire.o
LOAD bin/SPI.o
LOAD bin/libcore.a
LOAD /usr/lib/gcc/avr/5.2.0/../../../../avr/lib/avr5/libm.a
START GROUP
LOAD /usr/lib/gcc/avr/5.2.0/avr5/libgcc.a
LOAD /usr/lib/gcc/avr/5.2.0/../../../../avr/lib/avr5/libm.a
LOAD /usr/lib/gcc/avr/5.2.0/../../../../avr/lib/avr5/libc.a
LOAD /usr/lib/gcc/avr/5.2.0/../../../../avr/lib/avr5/libatmega32u4.a
END GROUP

.hash
 *(.hash)

.dynsym
 *(.dynsym)

.dynstr
 *(.dynstr)

.gnu.version
 *(.gnu.version)

.gnu.version_d
 *(.gnu.version_d)

.gnu.version_r
 *(.gnu.version_r)

.rel.init
 *(.rel.init)

.rela.init
 *(.rela.init)

.rel.text
 *(.rel.text)
 *(.rel.text.*)
 *(.rel.gnu.linkonce.t*)

.rela.text
 *(.rela.text)
 *(.rela.text.*)
 *(.rela.gnu.linkonce.t*)

.rel.fini
 *(.rel.fini)

.rela.fini
 *(.rela.fini)

.rel.rodata
 *(.rel.rodata)
 *(.rel.rodata.*)
 *(.rel.gnu.linkonce.r*)

.rela.rodata
 *(.rela.rodata)
 *(.rela.rodata.*)
 *(.rela.gnu.linkonce.r*)

.rel.data
 *(.rel.data)
 *(.rel.data.*)
 *(.rel.gnu.linkonce.d*)

.rela.data
 *(.rela.data)
 *(.rela.data.*)
 *(.rela.gnu.linkonce.d*)

.rel.ctors
 *(.rel.ctors)

.rela.ctors
 *(.rela.ctors)

.rel.dtors
 *(.rel.dtors)

.rela.dtors
 *(.rela.dtors)

.rel.got
 *(.rel.got)

.rela.got
 *(.rela.got)

.rel.bss
 *(.rel.bss)

.rela.bss
 *(.rela.bss)

.rel.plt
 *(.rel.plt)

.rela.plt
 *(.rela.plt)

.text           0x0000000000000000     0x140e
 *(.vectors)
 .vectors       0x0000000000000000       0xac /usr/lib/gcc/avr/5.2.0/../../../../avr/lib/avr5/crtatmega32u4.o
                0x0000000000000000                __vectors
                0x0000000000000000                __vector_default
 *(.vectors)
 *(.progmem.gcc*)
                0x00000000000000ac                . = ALIGN (0x2)
                0x00000000000000ac                __trampolines_start = .
 *(.trampolines)
 .trampolines   0x00000000000000ac        0x0 linker stubs
 *(.trampolines*)
                0x00000000000000ac                __trampolines_end = .
 *(.progmem*)
 .progmem.data._initEndpoints
                0x00000000000000ac        0x5 bin/libcore.a(USBCore.o)
                0x00000000000000ac                _initEndpoints
 .progmem.data.USB_DeviceDescriptorA
                0x00000000000000b1       0x12 bin/libcore.a(USBCore.o)
                0x00000000000000b1                USB_DeviceDescriptorA
 .progmem.data.USB_DeviceDescriptor
                0x00000000000000c3       0x12 bin/libcore.a(USBCore.o)
                0x00000000000000c3                USB_DeviceDescriptor
 .progmem.data.STRING_MANUFACTURER
                0x00000000000000d5        0xc bin/libcore.a(USBCore.o)
                0x00000000000000d5                STRING_MANUFACTURER
 .progmem.data.STRING_PRODUCT
                0x00000000000000e1        0xd bin/libcore.a(USBCore.o)
                0x00000000000000e1                STRING_PRODUCT
 .progmem.data.STRING_LANGUAGE
                0x00000000000000ee        0x4 bin/libcore.a(USBCore.o)
                0x00000000000000ee                STRING_LANGUAGE
 .progmem.data._cdcInterface
                0x00000000000000f2       0x42 bin/libcore.a(CDC.o)
                0x00000000000000f2                _cdcInterface
 .progmem.data._asciimap
                0x0000000000000134       0x80 bin/libcore.a(HID.o)
                0x0000000000000134                _asciimap
 .progmem.data._hidInterface
                0x00000000000001b4       0x19 bin/libcore.a(HID.o)
                0x00000000000001b4                _hidInterface
 .progmem.data._hidReportDescriptor
                0x00000000000001cd       0x65 bin/libcore.a(HID.o)
                0x00000000000001cd                _hidReportDescriptor
                0x0000000000000232                . = ALIGN (0x2)
 *(.jumptables)
 *(.jumptables*)
 *(.lowtext)
 *(.lowtext*)
                0x0000000000000232                __ctors_start = .
 *(.ctors)
 .ctors         0x0000000000000232        0x2 bin/Wire.o
 .ctors         0x0000000000000234        0x2 bin/libcore.a(CDC.o)
 .ctors         0x0000000000000236        0x2 bin/libcore.a(HID.o)
                0x0000000000000238                __ctors_end = .
                0x0000000000000238                __dtors_start = .
 *(.dtors)
                0x0000000000000238                __dtors_end = .
 SORT(*)(.ctors)
 SORT(*)(.dtors)
 *(.init0)
 .init0         0x0000000000000238        0x0 /usr/lib/gcc/avr/5.2.0/../../../../avr/lib/avr5/crtatmega32u4.o
                0x0000000000000238                __init
 *(.init0)
 *(.init1)
 *(.init1)
 *(.init2)
 .init2         0x0000000000000238        0xc /usr/lib/gcc/avr/5.2.0/../../../../avr/lib/avr5/crtatmega32u4.o
 *(.init2)
 *(.init3)
 *(.init3)
 *(.init4)
 .init4         0x0000000000000244       0x16 /usr/lib/gcc/avr/5.2.0/avr5/libgcc.a(_copy_data.o)
                0x0000000000000244                __do_copy_data
 .init4         0x000000000000025a       0x10 /usr/lib/gcc/avr/5.2.0/avr5/libgcc.a(_clear_bss.o)
                0x000000000000025a                __do_clear_bss
 *(.init4)
 *(.init5)
 *(.init5)
 *(.init6)
 .init6         0x000000000000026a       0x16 /usr/lib/gcc/avr/5.2.0/avr5/libgcc.a(_ctors.o)
                0x000000000000026a                __do_global_ctors
 *(.init6)
 *(.init7)
 *(.init7)
 *(.init8)
 *(.init8)
 *(.init9)
 .init9         0x0000000000000280        0x8 /usr/lib/gcc/avr/5.2.0/../../../../avr/lib/avr5/crtatmega32u4.o
 *(.init9)
 *(.text)
 .text          0x0000000000000288        0x4 /usr/lib/gcc/avr/5.2.0/../../../../avr/lib/avr5/crtatmega32u4.o
                0x0000000000000288                __vector_38
                0x0000000000000288                __vector_22
                0x0000000000000288                __vector_28
                0x0000000000000288                __vector_1
                0x0000000000000288                __vector_32
                0x0000000000000288                __vector_34
                0x0000000000000288                __vector_24
                0x0000000000000288                __vector_12
                0x0000000000000288                __bad_interrupt
                0x0000000000000288                __vector_6
                0x0000000000000288                __vector_31
                0x0000000000000288                __vector_35
                0x0000000000000288                __vector_39
                0x0000000000000288                __vector_3
                0x0000000000000288                __vector_30
                0x0000000000000288                __vector_25
                0x0000000000000288                __vector_13
                0x0000000000000288                __vector_17
                0x0000000000000288                __vector_19
                0x0000000000000288                __vector_7
                0x0000000000000288                __vector_41
                0x0000000000000288                __vector_27
                0x0000000000000288                __vector_5
                0x0000000000000288                __vector_33
                0x0000000000000288                __vector_37
                0x0000000000000288                __vector_4
                0x0000000000000288                __vector_9
                0x0000000000000288                __vector_2
                0x0000000000000288                __vector_21
                0x0000000000000288                __vector_15
                0x0000000000000288                __vector_29
                0x0000000000000288                __vector_40
                0x0000000000000288                __vector_8
                0x0000000000000288                __vector_26
                0x0000000000000288                __vector_14
                0x0000000000000288                __vector_16
                0x0000000000000288                __vector_18
                0x0000000000000288                __vector_20
                0x0000000000000288                __vector_42
                0x000000000000028c                . = ALIGN (0x2)
 *(.text.*)
 .text.initVariant
                0x000000000000028c        0x2 bin/main.o
                0x000000000000028c                initVariant
 .text.startup.main
                0x000000000000028e       0x26 bin/main.o
                0x000000000000028e                main
 .text.twi_transmit
                0x00000000000002b4       0x32 bin/twi.o
                0x00000000000002b4                twi_transmit
 .text.twi_stop
                0x00000000000002e6       0x14 bin/twi.o
                0x00000000000002e6                twi_stop
 .text.twi_releaseBus
                0x00000000000002fa        0xc bin/twi.o
                0x00000000000002fa                twi_releaseBus
 .text.__vector_36
                0x0000000000000306      0x25a bin/twi.o
                0x0000000000000306                __vector_36
 .text._ZN7TwoWire9availableEv
                0x0000000000000560       0x10 bin/Wire.o
                0x0000000000000560                TwoWire::available()
 .text._ZN7TwoWire4readEv
                0x0000000000000570       0x28 bin/Wire.o
                0x0000000000000570                TwoWire::read()
 .text._ZN7TwoWire4peekEv
                0x0000000000000598       0x1e bin/Wire.o
                0x0000000000000598                TwoWire::peek()
 .text._ZN7TwoWire5flushEv
                0x00000000000005b6        0x2 bin/Wire.o
                0x00000000000005b6                TwoWire::flush()
 .text._ZN7TwoWire5writeEPKhj
                0x00000000000005b8       0x5a bin/Wire.o
                0x00000000000005b8                TwoWire::write(unsigned char const*, unsigned int)
 .text._ZN7TwoWire5writeEh
                0x0000000000000612       0x5e bin/Wire.o
                0x0000000000000612                TwoWire::write(unsigned char)
 .text._ZN7TwoWireC2Ev
                0x0000000000000670       0x20 bin/Wire.o
                0x0000000000000670                TwoWire::TwoWire()
                0x0000000000000670                TwoWire::TwoWire()
 .text.startup._GLOBAL__sub_I__ZN7TwoWire8rxBufferE
                0x0000000000000690        0x8 bin/Wire.o
 .text.__vector_23
                0x0000000000000698       0x94 bin/libcore.a(wiring.o)
                0x0000000000000698                __vector_23
 .text.micros   0x000000000000072c       0x4a bin/libcore.a(wiring.o)
                0x000000000000072c                micros
 .text.delay    0x0000000000000776       0x50 bin/libcore.a(wiring.o)
                0x0000000000000776                delay
 .text.init     0x00000000000007c6       0xac bin/libcore.a(wiring.o)
                0x00000000000007c6                init
 .text.__empty  0x0000000000000872        0x2 bin/libcore.a(hooks.o)
                0x0000000000000872                yield
 .text._ZL11SendControlh
                0x0000000000000874       0x5c bin/libcore.a(USBCore.o)
 .text._ZL24USB_SendStringDescriptorPKhh
                0x00000000000008d0       0x72 bin/libcore.a(USBCore.o)
 .text._Z4RecvPVhh
                0x0000000000000942       0x1a bin/libcore.a(USBCore.o)
                0x0000000000000942                Recv(unsigned char volatile*, unsigned char)
 .text._ZN6LockEPC2Eh
                0x000000000000095c       0x10 bin/libcore.a(USBCore.o)
                0x000000000000095c                LockEP::LockEP(unsigned char)
                0x000000000000095c                LockEP::LockEP(unsigned char)
 .text._Z13USB_Availableh
                0x000000000000096c       0x24 bin/libcore.a(USBCore.o)
                0x000000000000096c                USB_Available(unsigned char)
 .text._Z8USB_RecvhPvi
                0x0000000000000990       0x8a bin/libcore.a(USBCore.o)
                0x0000000000000990                USB_Recv(unsigned char, void*, int)
 .text._Z8USB_Recvh
                0x0000000000000a1a       0x2e bin/libcore.a(USBCore.o)
                0x0000000000000a1a                USB_Recv(unsigned char)
 .text._Z13USB_SendSpaceh
                0x0000000000000a48       0x34 bin/libcore.a(USBCore.o)
                0x0000000000000a48                USB_SendSpace(unsigned char)
 .text._Z8USB_SendhPKvi
                0x0000000000000a7c      0x118 bin/libcore.a(USBCore.o)
                0x0000000000000a7c                USB_Send(unsigned char, void const*, int)
 .text._Z11InitControli
                0x0000000000000b94       0x16 bin/libcore.a(USBCore.o)
                0x0000000000000b94                InitControl(int)
 .text._Z15USB_SendControlhPKvi
                0x0000000000000baa       0x4e bin/libcore.a(USBCore.o)
                0x0000000000000baa                USB_SendControl(unsigned char, void const*, int)
 .text._Z15USB_RecvControlPvi
                0x0000000000000bf8       0x34 bin/libcore.a(USBCore.o)
                0x0000000000000bf8                USB_RecvControl(void*, int)
 .text._Z14SendInterfacesv
                0x0000000000000c2c       0x28 bin/libcore.a(USBCore.o)
                0x0000000000000c2c                SendInterfaces()
 .text.__vector_11
                0x0000000000000c54      0x252 bin/libcore.a(USBCore.o)
                0x0000000000000c54                __vector_11
 .text._Z9USB_Flushh
                0x0000000000000ea6       0x14 bin/libcore.a(USBCore.o)
                0x0000000000000ea6                USB_Flush(unsigned char)
 .text.__vector_10
                0x0000000000000eba       0xac bin/libcore.a(USBCore.o)
                0x0000000000000eba                __vector_10
 .text._ZN10USBDevice_6attachEv
                0x0000000000000f66       0x40 bin/libcore.a(USBCore.o)
                0x0000000000000f66                USBDevice_::attach()
 .text._ZN7Serial_5writeEh
                0x0000000000000fa6       0x2c bin/libcore.a(CDC.o)
                0x0000000000000fa6                Serial_::write(unsigned char)
 .text._ZN7Serial_4peekEv
                0x0000000000000fd2       0x22 bin/libcore.a(CDC.o)
                0x0000000000000fd2                Serial_::peek()
 .text._ZN7Serial_5flushEv
                0x0000000000000ff4        0x6 bin/libcore.a(CDC.o)
                0x0000000000000ff4                Serial_::flush()
 .text._ZN7Serial_9availableEv
                0x0000000000000ffa       0x20 bin/libcore.a(CDC.o)
                0x0000000000000ffa                Serial_::available()
 .text._ZN7Serial_4readEv
                0x000000000000101a       0x1a bin/libcore.a(CDC.o)
                0x000000000000101a                Serial_::read()
 .text._ZN7Serial_5writeEPKhj
                0x0000000000001034       0x2c bin/libcore.a(CDC.o)
                0x0000000000001034                Serial_::write(unsigned char const*, unsigned int)
 .text._Z16CDC_GetInterfacePh
                0x0000000000001060       0x16 bin/libcore.a(CDC.o)
                0x0000000000001060                CDC_GetInterface(unsigned char*)
 .text._Z9CDC_SetupR5Setup
                0x0000000000001076       0xae bin/libcore.a(CDC.o)
                0x0000000000001076                CDC_Setup(Setup&)
 .text.startup._GLOBAL__sub_I__cdcInterface
                0x0000000000001124       0x2a bin/libcore.a(CDC.o)
 .text._ZN9Keyboard_5writeEh
                0x000000000000114e       0x3c bin/libcore.a(HID.o)
                0x000000000000114e                Keyboard_::write(unsigned char)
 .text._Z16HID_GetInterfacePh
                0x000000000000118a       0x16 bin/libcore.a(HID.o)
                0x000000000000118a                HID_GetInterface(unsigned char*)
 .text._Z17HID_GetDescriptori
                0x00000000000011a0        0xe bin/libcore.a(HID.o)
                0x00000000000011a0                HID_GetDescriptor(int)
 .text._Z14HID_SendReporthPKvi
                0x00000000000011ae       0x42 bin/libcore.a(HID.o)
                0x00000000000011ae                HID_SendReport(unsigned char, void const*, int)
 .text._Z9HID_SetupR5Setup
                0x00000000000011f0       0x3a bin/libcore.a(HID.o)
                0x00000000000011f0                HID_Setup(Setup&)
 .text._ZN9Keyboard_10sendReportEP9KeyReport
                0x000000000000122a        0xa bin/libcore.a(HID.o)
                0x000000000000122a                Keyboard_::sendReport(KeyReport*)
 .text._ZN9Keyboard_5pressEh
                0x0000000000001234       0xd4 bin/libcore.a(HID.o)
                0x0000000000001234                Keyboard_::press(unsigned char)
 .text._ZN9Keyboard_7releaseEh
                0x0000000000001308       0x76 bin/libcore.a(HID.o)
                0x0000000000001308                Keyboard_::release(unsigned char)
 .text._ZN9Keyboard_10releaseAllEv
                0x000000000000137e       0x1a bin/libcore.a(HID.o)
                0x000000000000137e                Keyboard_::releaseAll()
 .text.startup._GLOBAL__sub_I_Mouse
                0x0000000000001398       0x16 bin/libcore.a(HID.o)
 .text._ZN5Print5writeEPKhj
                0x00000000000013ae       0x50 bin/libcore.a(Print.o)
                0x00000000000013ae                Print::write(unsigned char const*, unsigned int)
 .text.libgcc   0x00000000000013fe        0xc /usr/lib/gcc/avr/5.2.0/avr5/libgcc.a(_tablejump2.o)
                0x00000000000013fe                __tablejump2__
                0x000000000000140a                . = ALIGN (0x2)
 *(.fini9)
 .fini9         0x000000000000140a        0x0 /usr/lib/gcc/avr/5.2.0/avr5/libgcc.a(_exit.o)
                0x000000000000140a                exit
                0x000000000000140a                _exit
 *(.fini9)
 *(.fini8)
 *(.fini8)
 *(.fini7)
 *(.fini7)
 *(.fini6)
 *(.fini6)
 *(.fini5)
 *(.fini5)
 *(.fini4)
 *(.fini4)
 *(.fini3)
 *(.fini3)
 *(.fini2)
 *(.fini2)
 *(.fini1)
 *(.fini1)
 *(.fini0)
 .fini0         0x000000000000140a        0x4 /usr/lib/gcc/avr/5.2.0/avr5/libgcc.a(_exit.o)
 *(.fini0)
                0x000000000000140e                _etext = .

.data           0x0000000000800100       0x38 load address 0x000000000000140e
                0x0000000000800100                PROVIDE (__data_start, .)
 *(.data)
 *(.data*)
 .data._ZL12_usbLineInfo
                0x0000000000800100        0x8 bin/libcore.a(CDC.o)
 .data._hid_idle
                0x0000000000800108        0x1 bin/libcore.a(HID.o)
                0x0000000000800108                _hid_idle
 .data._hid_protocol
                0x0000000000800109        0x1 bin/libcore.a(HID.o)
                0x0000000000800109                _hid_protocol
 *(.rodata)
 *(.rodata*)
 .rodata._ZTV7TwoWire
                0x000000000080010a       0x10 bin/Wire.o
                0x000000000080010a                vtable for TwoWire
 .rodata._ZTV7Serial_
                0x000000000080011a       0x10 bin/libcore.a(CDC.o)
                0x000000000080011a                vtable for Serial_
 .rodata._ZTV9Keyboard_
                0x000000000080012a        0xe bin/libcore.a(HID.o)
                0x000000000080012a                vtable for Keyboard_
 *(.gnu.linkonce.d*)
                0x0000000000800138                . = ALIGN (0x2)
                0x0000000000800138                _edata = .
                0x0000000000800138                PROVIDE (__data_end, .)

.bss            0x0000000000800138      0x12e
                0x0000000000800138                PROVIDE (__bss_start, .)
 *(.bss)
 *(.bss*)
 .bss.twi_error
                0x0000000000800138        0x1 bin/twi.o
 .bss.twi_rxBufferIndex
                0x0000000000800139        0x1 bin/twi.o
 .bss.twi_rxBuffer
                0x000000000080013a       0x20 bin/twi.o
 .bss.twi_txBufferLength
                0x000000000080015a        0x1 bin/twi.o
 .bss.twi_txBufferIndex
                0x000000000080015b        0x1 bin/twi.o
 .bss.twi_txBuffer
                0x000000000080015c       0x20 bin/twi.o
 .bss.twi_masterBufferLength
                0x000000000080017c        0x1 bin/twi.o
 .bss.twi_masterBufferIndex
                0x000000000080017d        0x1 bin/twi.o
 .bss.twi_masterBuffer
                0x000000000080017e       0x20 bin/twi.o
 .bss.twi_onSlaveReceive
                0x000000000080019e        0x2 bin/twi.o
 .bss.twi_onSlaveTransmit
                0x00000000008001a0        0x2 bin/twi.o
 .bss.twi_inRepStart
                0x00000000008001a2        0x1 bin/twi.o
 .bss.twi_sendStop
                0x00000000008001a3        0x1 bin/twi.o
 .bss.twi_slarw
                0x00000000008001a4        0x1 bin/twi.o
 .bss.twi_state
                0x00000000008001a5        0x1 bin/twi.o
 .bss.Wire      0x00000000008001a6        0xc bin/Wire.o
                0x00000000008001a6                Wire
 .bss._ZN7TwoWire12transmittingE
                0x00000000008001b2        0x1 bin/Wire.o
                0x00000000008001b2                TwoWire::transmitting
 .bss._ZN7TwoWire14txBufferLengthE
                0x00000000008001b3        0x1 bin/Wire.o
                0x00000000008001b3                TwoWire::txBufferLength
 .bss._ZN7TwoWire13txBufferIndexE
                0x00000000008001b4        0x1 bin/Wire.o
                0x00000000008001b4                TwoWire::txBufferIndex
 .bss._ZN7TwoWire8txBufferE
                0x00000000008001b5       0x20 bin/Wire.o
                0x00000000008001b5                TwoWire::txBuffer
 .bss._ZN7TwoWire14rxBufferLengthE
                0x00000000008001d5        0x1 bin/Wire.o
                0x00000000008001d5                TwoWire::rxBufferLength
 .bss._ZN7TwoWire13rxBufferIndexE
                0x00000000008001d6        0x1 bin/Wire.o
                0x00000000008001d6                TwoWire::rxBufferIndex
 .bss._ZN7TwoWire8rxBufferE
                0x00000000008001d7       0x20 bin/Wire.o
                0x00000000008001d7                TwoWire::rxBuffer
 .bss.timer0_fract
                0x00000000008001f7        0x1 bin/libcore.a(wiring.o)
 .bss.timer0_millis
                0x00000000008001f8        0x4 bin/libcore.a(wiring.o)
                0x00000000008001f8                timer0_millis
 .bss.timer0_overflow_count
                0x00000000008001fc        0x4 bin/libcore.a(wiring.o)
                0x00000000008001fc                timer0_overflow_count
 .bss.USBDevice
                0x0000000000800200        0x1 bin/libcore.a(USBCore.o)
                0x0000000000800200                USBDevice
 .bss._cdcComposite
                0x0000000000800201        0x1 bin/libcore.a(USBCore.o)
                0x0000000000800201                _cdcComposite
 .bss._cend     0x0000000000800202        0x2 bin/libcore.a(USBCore.o)
                0x0000000000800202                _cend
 .bss._cmark    0x0000000000800204        0x2 bin/libcore.a(USBCore.o)
                0x0000000000800204                _cmark
 .bss._usbConfiguration
                0x0000000000800206        0x1 bin/libcore.a(USBCore.o)
                0x0000000000800206                _usbConfiguration
 .bss.RxLEDPulse
                0x0000000000800207        0x1 bin/libcore.a(USBCore.o)
                0x0000000000800207                RxLEDPulse
 .bss.TxLEDPulse
                0x0000000000800208        0x1 bin/libcore.a(USBCore.o)
                0x0000000000800208                TxLEDPulse
 .bss.Serial    0x0000000000800209       0x50 bin/libcore.a(CDC.o)
                0x0000000000800209                Serial
 .bss.Keyboard  0x0000000000800259        0xc bin/libcore.a(HID.o)
                0x0000000000800259                Keyboard
 .bss.Mouse     0x0000000000800265        0x1 bin/libcore.a(HID.o)
                0x0000000000800265                Mouse
 *(COMMON)
                0x0000000000800266                PROVIDE (__bss_end, .)
                0x000000000000140e                __data_load_start = LOADADDR (.data)
                0x0000000000001446                __data_load_end = (__data_load_start + SIZEOF (.data))

.noinit         0x0000000000800266        0x0
                [!provide]                        PROVIDE (__noinit_start, .)
 *(.noinit*)
                [!provide]                        PROVIDE (__noinit_end, .)
                0x0000000000800266                _end = .
                [!provide]                        PROVIDE (__heap_start, .)

.eeprom         0x0000000000810000        0x0
 *(.eeprom*)
                0x0000000000810000                __eeprom_end = .

.fuse
 *(.fuse)
 *(.lfuse)
 *(.hfuse)
 *(.efuse)

.lock
 *(.lock*)

.signature
 *(.signature*)

.stab           0x0000000000000000     0x65d0
 *(.stab)
 .stab          0x0000000000000000      0xa14 bin/main.o
                                        0xa38 (size before relaxing)
 .stab          0x0000000000000a14      0x7ec bin/twi.o
                                        0xdd4 (size before relaxing)
 .stab          0x0000000000001200      0x978 bin/Wire.o
                                        0xedc (size before relaxing)
 .stab          0x0000000000001b78      0x7d4 bin/libcore.a(wiring.o)
                                        0xad4 (size before relaxing)
 .stab          0x000000000000234c      0x288 bin/libcore.a(hooks.o)
                                        0x294 (size before relaxing)
 .stab          0x00000000000025d4     0x18e4 bin/libcore.a(USBCore.o)
                                       0x1b90 (size before relaxing)
 .stab          0x0000000000003eb8      0xe10 bin/libcore.a(CDC.o)
                                        0xf00 (size before relaxing)
 .stab          0x0000000000004cc8      0xfcc bin/libcore.a(HID.o)
                                       0x12c0 (size before relaxing)
 .stab          0x0000000000005c94      0x93c bin/libcore.a(Print.o)
                                       0x15c0 (size before relaxing)

.stabstr        0x0000000000000000     0x6a12
 *(.stabstr)
 .stabstr       0x0000000000000000     0x6a12 bin/main.o

.stab.excl
 *(.stab.excl)

.stab.exclstr
 *(.stab.exclstr)

.stab.index
 *(.stab.index)

.stab.indexstr
 *(.stab.indexstr)

.comment        0x0000000000000000       0x11
 *(.comment)
 .comment       0x0000000000000000       0x11 bin/main.o
                                         0x12 (size before relaxing)
 .comment       0x0000000000000011       0x12 bin/twi.o
 .comment       0x0000000000000011       0x12 bin/Wire.o
 .comment       0x0000000000000011       0x12 bin/libcore.a(wiring.o)
 .comment       0x0000000000000011       0x12 bin/libcore.a(hooks.o)
 .comment       0x0000000000000011       0x12 bin/libcore.a(USBCore.o)
 .comment       0x0000000000000011       0x12 bin/libcore.a(CDC.o)
 .comment       0x0000000000000011       0x12 bin/libcore.a(HID.o)
 .comment       0x0000000000000011       0x12 bin/libcore.a(Print.o)

.note.gnu.avr.deviceinfo
                0x0000000000000000       0x40
 .note.gnu.avr.deviceinfo
                0x0000000000000000       0x40 /usr/lib/gcc/avr/5.2.0/../../../../avr/lib/avr5/crtatmega32u4.o

.note.gnu.build-id
 *(.note.gnu.build-id)

.debug
 *(.debug)

.line
 *(.line)

.debug_srcinfo
 *(.debug_srcinfo)

.debug_sfnames
 *(.debug_sfnames)

.debug_aranges
 *(.debug_aranges)

.debug_pubnames
 *(.debug_pubnames)

.debug_info     0x0000000000000000      0x9f4
 *(.debug_info .gnu.linkonce.wi.*)
 .debug_info    0x0000000000000000      0x9f4 /usr/lib/gcc/avr/5.2.0/../../../../avr/lib/avr5/crtatmega32u4.o

.debug_abbrev   0x0000000000000000      0x96a
 *(.debug_abbrev)
 .debug_abbrev  0x0000000000000000      0x96a /usr/lib/gcc/avr/5.2.0/../../../../avr/lib/avr5/crtatmega32u4.o

.debug_line     0x0000000000000000       0x1d
 *(.debug_line .debug_line.* .debug_line_end)
 .debug_line    0x0000000000000000       0x1d /usr/lib/gcc/avr/5.2.0/../../../../avr/lib/avr5/crtatmega32u4.o

.debug_frame
 *(.debug_frame)

.debug_str      0x0000000000000000      0x374
 *(.debug_str)
 .debug_str     0x0000000000000000      0x374 /usr/lib/gcc/avr/5.2.0/../../../../avr/lib/avr5/crtatmega32u4.o

.debug_loc
 *(.debug_loc)

.debug_macinfo
 *(.debug_macinfo)

.debug_weaknames
 *(.debug_weaknames)

.debug_funcnames
 *(.debug_funcnames)

.debug_typenames
 *(.debug_typenames)

.debug_varnames
 *(.debug_varnames)

.debug_pubtypes
 *(.debug_pubtypes)

.debug_ranges
 *(.debug_ranges)

.debug_macro
 *(.debug_macro)
OUTPUT(bin/Nicole.elf elf32-avr)
LOAD linker stubs

Cross Reference Table

Symbol                                            File
CDC_GetInterface(unsigned char*)                  bin/libcore.a(CDC.o)
                                                  bin/libcore.a(USBCore.o)
CDC_Setup(Setup&)                                 bin/libcore.a(CDC.o)
                                                  bin/libcore.a(USBCore.o)
HID_GetDescriptor(int)                            bin/libcore.a(HID.o)
                                                  bin/libcore.a(USBCore.o)
HID_GetInterface(unsigned char*)                  bin/libcore.a(HID.o)
                                                  bin/libcore.a(USBCore.o)
HID_SendReport(unsigned char, void const*, int)   bin/libcore.a(HID.o)
HID_Setup(Setup&)                                 bin/libcore.a(HID.o)
                                                  bin/libcore.a(USBCore.o)
InitControl(int)                                  bin/libcore.a(USBCore.o)
Keyboard                                          bin/libcore.a(HID.o)
Keyboard_::Keyboard_()                            bin/libcore.a(HID.o)
Keyboard_::Keyboard_()                            bin/libcore.a(HID.o)
Keyboard_::begin()                                bin/libcore.a(HID.o)
Keyboard_::end()                                  bin/libcore.a(HID.o)
Keyboard_::press(unsigned char)                   bin/libcore.a(HID.o)
Keyboard_::release(unsigned char)                 bin/libcore.a(HID.o)
Keyboard_::releaseAll()                           bin/libcore.a(HID.o)
Keyboard_::sendReport(KeyReport*)                 bin/libcore.a(HID.o)
Keyboard_::write(unsigned char)                   bin/libcore.a(HID.o)
LockEP::LockEP(unsigned char)                     bin/libcore.a(USBCore.o)
LockEP::LockEP(unsigned char)                     bin/libcore.a(USBCore.o)
Mouse                                             bin/libcore.a(HID.o)
Mouse_::Mouse_()                                  bin/libcore.a(HID.o)
Mouse_::Mouse_()                                  bin/libcore.a(HID.o)
Mouse_::begin()                                   bin/libcore.a(HID.o)
Mouse_::buttons(unsigned char)                    bin/libcore.a(HID.o)
Mouse_::click(unsigned char)                      bin/libcore.a(HID.o)
Mouse_::end()                                     bin/libcore.a(HID.o)
Mouse_::isPressed(unsigned char)                  bin/libcore.a(HID.o)
Mouse_::move(signed char, signed char, signed char) bin/libcore.a(HID.o)
Mouse_::press(unsigned char)                      bin/libcore.a(HID.o)
Mouse_::release(unsigned char)                    bin/libcore.a(HID.o)
Print::print(Printable const&)                    bin/libcore.a(Print.o)
Print::print(String const&)                       bin/libcore.a(Print.o)
Print::print(__FlashStringHelper const*)          bin/libcore.a(Print.o)
Print::print(char const*)                         bin/libcore.a(Print.o)
Print::print(char)                                bin/libcore.a(Print.o)
Print::print(double, int)                         bin/libcore.a(Print.o)
Print::print(int, int)                            bin/libcore.a(Print.o)
Print::print(long, int)                           bin/libcore.a(Print.o)
Print::print(unsigned char, int)                  bin/libcore.a(Print.o)
Print::print(unsigned int, int)                   bin/libcore.a(Print.o)
Print::print(unsigned long, int)                  bin/libcore.a(Print.o)
Print::printFloat(double, unsigned char)          bin/libcore.a(Print.o)
Print::printNumber(unsigned long, unsigned char)  bin/libcore.a(Print.o)
Print::println()                                  bin/libcore.a(Print.o)
Print::println(Printable const&)                  bin/libcore.a(Print.o)
Print::println(String const&)                     bin/libcore.a(Print.o)
Print::println(__FlashStringHelper const*)        bin/libcore.a(Print.o)
Print::println(char const*)                       bin/libcore.a(Print.o)
Print::println(char)                              bin/libcore.a(Print.o)
Print::println(double, int)                       bin/libcore.a(Print.o)
Print::println(int, int)                          bin/libcore.a(Print.o)
Print::println(long, int)                         bin/libcore.a(Print.o)
Print::println(unsigned char, int)                bin/libcore.a(Print.o)
Print::println(unsigned int, int)                 bin/libcore.a(Print.o)
Print::println(unsigned long, int)                bin/libcore.a(Print.o)
Print::write(char const*)                         bin/libcore.a(Print.o)
Print::write(unsigned char const*, unsigned int)  bin/libcore.a(Print.o)
                                                  bin/libcore.a(HID.o)
Recv(unsigned char volatile*, unsigned char)      bin/libcore.a(USBCore.o)
RxLEDPulse                                        bin/libcore.a(USBCore.o)
SPI                                               bin/SPI.o
SPIClass::begin()                                 bin/SPI.o
SPIClass::end()                                   bin/SPI.o
SPIClass::initialized                             bin/SPI.o
SPIClass::interruptMask                           bin/SPI.o
SPIClass::interruptMode                           bin/SPI.o
SPIClass::interruptSave                           bin/SPI.o
SPIClass::notUsingInterrupt(unsigned char)        bin/SPI.o
SPIClass::usingInterrupt(unsigned char)           bin/SPI.o
STRING_LANGUAGE                                   bin/libcore.a(USBCore.o)
STRING_MANUFACTURER                               bin/libcore.a(USBCore.o)
STRING_PRODUCT                                    bin/libcore.a(USBCore.o)
SendInterfaces()                                  bin/libcore.a(USBCore.o)
Serial                                            bin/libcore.a(CDC.o)
Serial_::available()                              bin/libcore.a(CDC.o)
Serial_::begin(unsigned long)                     bin/libcore.a(CDC.o)
Serial_::begin(unsigned long, unsigned char)      bin/libcore.a(CDC.o)
Serial_::end()                                    bin/libcore.a(CDC.o)
Serial_::flush()                                  bin/libcore.a(CDC.o)
Serial_::operator bool()                          bin/libcore.a(CDC.o)
Serial_::peek()                                   bin/libcore.a(CDC.o)
Serial_::read()                                   bin/libcore.a(CDC.o)
Serial_::write(unsigned char const*, unsigned int) bin/libcore.a(CDC.o)
Serial_::write(unsigned char)                     bin/libcore.a(CDC.o)
TwoWire::TwoWire()                                bin/Wire.o
TwoWire::TwoWire()                                bin/Wire.o
TwoWire::available()                              bin/Wire.o
TwoWire::begin()                                  bin/Wire.o
TwoWire::begin(int)                               bin/Wire.o
TwoWire::begin(unsigned char)                     bin/Wire.o
TwoWire::beginTransmission(int)                   bin/Wire.o
TwoWire::beginTransmission(unsigned char)         bin/Wire.o
TwoWire::endTransmission()                        bin/Wire.o
TwoWire::endTransmission(unsigned char)           bin/Wire.o
TwoWire::flush()                                  bin/Wire.o
TwoWire::onReceive(void (*)(int))                 bin/Wire.o
TwoWire::onReceiveService(unsigned char*, int)    bin/Wire.o
TwoWire::onRequest(void (*)())                    bin/Wire.o
TwoWire::onRequestService()                       bin/Wire.o
TwoWire::peek()                                   bin/Wire.o
TwoWire::read()                                   bin/Wire.o
TwoWire::requestFrom(int, int)                    bin/Wire.o
TwoWire::requestFrom(int, int, int)               bin/Wire.o
TwoWire::requestFrom(unsigned char, unsigned char) bin/Wire.o
TwoWire::requestFrom(unsigned char, unsigned char, unsigned char) bin/Wire.o
TwoWire::rxBuffer                                 bin/Wire.o
TwoWire::rxBufferIndex                            bin/Wire.o
TwoWire::rxBufferLength                           bin/Wire.o
TwoWire::setClock(unsigned long)                  bin/Wire.o
TwoWire::transmitting                             bin/Wire.o
TwoWire::txAddress                                bin/Wire.o
TwoWire::txBuffer                                 bin/Wire.o
TwoWire::txBufferIndex                            bin/Wire.o
TwoWire::txBufferLength                           bin/Wire.o
TwoWire::user_onReceive                           bin/Wire.o
TwoWire::user_onRequest                           bin/Wire.o
TwoWire::write(unsigned char const*, unsigned int) bin/Wire.o
TwoWire::write(unsigned char)                     bin/Wire.o
TxLEDPulse                                        bin/libcore.a(USBCore.o)
USBConnected()                                    bin/libcore.a(USBCore.o)
USBDevice                                         bin/libcore.a(USBCore.o)
                                                  bin/main.o
USBDevice_::USBDevice_()                          bin/libcore.a(USBCore.o)
USBDevice_::USBDevice_()                          bin/libcore.a(USBCore.o)
USBDevice_::attach()                              bin/libcore.a(USBCore.o)
                                                  bin/main.o
USBDevice_::configured()                          bin/libcore.a(USBCore.o)
USBDevice_::detach()                              bin/libcore.a(USBCore.o)
USBDevice_::poll()                                bin/libcore.a(USBCore.o)
USBGetConfiguration()                             bin/libcore.a(USBCore.o)
USB_Available(unsigned char)                      bin/libcore.a(USBCore.o)
                                                  bin/libcore.a(CDC.o)
USB_DeviceDescriptor                              bin/libcore.a(USBCore.o)
USB_DeviceDescriptorA                             bin/libcore.a(USBCore.o)
USB_Flush(unsigned char)                          bin/libcore.a(USBCore.o)
                                                  bin/libcore.a(CDC.o)
USB_Recv(unsigned char)                           bin/libcore.a(USBCore.o)
                                                  bin/libcore.a(CDC.o)
USB_Recv(unsigned char, void*, int)               bin/libcore.a(USBCore.o)
USB_RecvControl(void*, int)                       bin/libcore.a(USBCore.o)
                                                  bin/libcore.a(CDC.o)
USB_Send(unsigned char, void const*, int)         bin/libcore.a(USBCore.o)
                                                  bin/libcore.a(HID.o)
                                                  bin/libcore.a(CDC.o)
USB_SendControl(unsigned char, void const*, int)  bin/libcore.a(USBCore.o)
                                                  bin/libcore.a(HID.o)
                                                  bin/libcore.a(CDC.o)
USB_SendSpace(unsigned char)                      bin/libcore.a(USBCore.o)
Wire                                              bin/Wire.o
__addsf3                                          /usr/lib/gcc/avr/5.2.0/../../../../avr/lib/avr5/libm.a(addsf3.o)
                                                  bin/libcore.a(Print.o)
__addsf3x                                         /usr/lib/gcc/avr/5.2.0/../../../../avr/lib/avr5/libm.a(addsf3x.o)
                                                  /usr/lib/gcc/avr/5.2.0/../../../../avr/lib/avr5/libm.a(addsf3.o)
__bad_interrupt                                   /usr/lib/gcc/avr/5.2.0/../../../../avr/lib/avr5/crtatmega32u4.o
__bss_end                                         /usr/lib/gcc/avr/5.2.0/avr5/libgcc.a(_clear_bss.o)
__bss_start                                       /usr/lib/gcc/avr/5.2.0/avr5/libgcc.a(_clear_bss.o)
__cmpsf2                                          /usr/lib/gcc/avr/5.2.0/../../../../avr/lib/avr5/libm.a(cmpsf2.o)
__ctors_end                                       /usr/lib/gcc/avr/5.2.0/avr5/libgcc.a(_ctors.o)
__ctors_start                                     /usr/lib/gcc/avr/5.2.0/avr5/libgcc.a(_ctors.o)
__cxa_deleted_virtual                             bin/libcore.a(abi.o)
__cxa_pure_virtual                                bin/libcore.a(abi.o)
                                                  bin/libcore.a(Print.o)
__data_end                                        /usr/lib/gcc/avr/5.2.0/avr5/libgcc.a(_copy_data.o)
__data_load_start                                 /usr/lib/gcc/avr/5.2.0/avr5/libgcc.a(_copy_data.o)
__data_start                                      /usr/lib/gcc/avr/5.2.0/avr5/libgcc.a(_copy_data.o)
__divsf3                                          /usr/lib/gcc/avr/5.2.0/../../../../avr/lib/avr5/libm.a(divsf3.o)
                                                  bin/libcore.a(Print.o)
__divsf3_pse                                      /usr/lib/gcc/avr/5.2.0/../../../../avr/lib/avr5/libm.a(divsf3x.o)
__divsf3x                                         /usr/lib/gcc/avr/5.2.0/../../../../avr/lib/avr5/libm.a(divsf3x.o)
                                                  /usr/lib/gcc/avr/5.2.0/../../../../avr/lib/avr5/libm.a(divsf3.o)
__do_clear_bss                                    /usr/lib/gcc/avr/5.2.0/avr5/libgcc.a(_clear_bss.o)
                                                  bin/libcore.a(HID.o)
                                                  bin/libcore.a(CDC.o)
                                                  bin/libcore.a(USBCore.o)
                                                  bin/libcore.a(wiring.o)
                                                  bin/SPI.o
                                                  bin/Wire.o
                                                  bin/twi.o
__do_copy_data                                    /usr/lib/gcc/avr/5.2.0/avr5/libgcc.a(_copy_data.o)
                                                  bin/libcore.a(Print.o)
                                                  bin/libcore.a(HID.o)
                                                  bin/libcore.a(CDC.o)
                                                  bin/SPI.o
                                                  bin/Wire.o
__do_global_ctors                                 /usr/lib/gcc/avr/5.2.0/avr5/libgcc.a(_ctors.o)
                                                  bin/libcore.a(HID.o)
                                                  bin/libcore.a(CDC.o)
                                                  bin/Wire.o
__eqsf2                                           /usr/lib/gcc/avr/5.2.0/../../../../avr/lib/avr5/libm.a(cmpsf2.o)
__fixsfsi                                         /usr/lib/gcc/avr/5.2.0/../../../../avr/lib/avr5/libm.a(fixsfsi.o)
                                                  bin/libcore.a(Print.o)
__fixunssfsi                                      /usr/lib/gcc/avr/5.2.0/../../../../avr/lib/avr5/libm.a(fixunssfsi.o)
                                                  /usr/lib/gcc/avr/5.2.0/../../../../avr/lib/avr5/libm.a(fixsfsi.o)
                                                  bin/libcore.a(Print.o)
__floatsisf                                       /usr/lib/gcc/avr/5.2.0/../../../../avr/lib/avr5/libm.a(floatsisf.o)
                                                  bin/libcore.a(Print.o)
__floatunsisf                                     /usr/lib/gcc/avr/5.2.0/../../../../avr/lib/avr5/libm.a(floatsisf.o)
                                                  bin/libcore.a(Print.o)
__fp_cmp                                          /usr/lib/gcc/avr/5.2.0/../../../../avr/lib/avr5/libm.a(fp_cmp.o)
                                                  /usr/lib/gcc/avr/5.2.0/../../../../avr/lib/avr5/libm.a(unordsf2.o)
                                                  /usr/lib/gcc/avr/5.2.0/../../../../avr/lib/avr5/libm.a(gesf2.o)
                                                  /usr/lib/gcc/avr/5.2.0/../../../../avr/lib/avr5/libm.a(cmpsf2.o)
__fp_inf                                          /usr/lib/gcc/avr/5.2.0/../../../../avr/lib/avr5/libm.a(fp_inf.o)
                                                  /usr/lib/gcc/avr/5.2.0/../../../../avr/lib/avr5/libm.a(mulsf3x.o)
                                                  /usr/lib/gcc/avr/5.2.0/../../../../avr/lib/avr5/libm.a(divsf3x.o)
                                                  /usr/lib/gcc/avr/5.2.0/../../../../avr/lib/avr5/libm.a(addsf3x.o)
__fp_nan                                          /usr/lib/gcc/avr/5.2.0/../../../../avr/lib/avr5/libm.a(fp_nan.o)
                                                  /usr/lib/gcc/avr/5.2.0/../../../../avr/lib/avr5/libm.a(mulsf3x.o)
                                                  /usr/lib/gcc/avr/5.2.0/../../../../avr/lib/avr5/libm.a(divsf3x.o)
                                                  /usr/lib/gcc/avr/5.2.0/../../../../avr/lib/avr5/libm.a(addsf3x.o)
__fp_pscA                                         /usr/lib/gcc/avr/5.2.0/../../../../avr/lib/avr5/libm.a(fp_pscA.o)
                                                  /usr/lib/gcc/avr/5.2.0/../../../../avr/lib/avr5/libm.a(mulsf3x.o)
                                                  /usr/lib/gcc/avr/5.2.0/../../../../avr/lib/avr5/libm.a(divsf3x.o)
                                                  /usr/lib/gcc/avr/5.2.0/../../../../avr/lib/avr5/libm.a(addsf3x.o)
__fp_pscB                                         /usr/lib/gcc/avr/5.2.0/../../../../avr/lib/avr5/libm.a(fp_pscB.o)
                                                  /usr/lib/gcc/avr/5.2.0/../../../../avr/lib/avr5/libm.a(mulsf3x.o)
                                                  /usr/lib/gcc/avr/5.2.0/../../../../avr/lib/avr5/libm.a(divsf3x.o)
                                                  /usr/lib/gcc/avr/5.2.0/../../../../avr/lib/avr5/libm.a(addsf3x.o)
__fp_round                                        /usr/lib/gcc/avr/5.2.0/../../../../avr/lib/avr5/libm.a(fp_round.o)
                                                  /usr/lib/gcc/avr/5.2.0/../../../../avr/lib/avr5/libm.a(mulsf3.o)
                                                  /usr/lib/gcc/avr/5.2.0/../../../../avr/lib/avr5/libm.a(divsf3.o)
                                                  /usr/lib/gcc/avr/5.2.0/../../../../avr/lib/avr5/libm.a(addsf3.o)
__fp_split3                                       /usr/lib/gcc/avr/5.2.0/../../../../avr/lib/avr5/libm.a(fp_split3.o)
                                                  /usr/lib/gcc/avr/5.2.0/../../../../avr/lib/avr5/libm.a(mulsf3x.o)
                                                  /usr/lib/gcc/avr/5.2.0/../../../../avr/lib/avr5/libm.a(divsf3x.o)
                                                  /usr/lib/gcc/avr/5.2.0/../../../../avr/lib/avr5/libm.a(addsf3x.o)
__fp_splitA                                       /usr/lib/gcc/avr/5.2.0/../../../../avr/lib/avr5/libm.a(fp_split3.o)
                                                  /usr/lib/gcc/avr/5.2.0/../../../../avr/lib/avr5/libm.a(fixunssfsi.o)
__fp_szero                                        /usr/lib/gcc/avr/5.2.0/../../../../avr/lib/avr5/libm.a(fp_zero.o)
                                                  /usr/lib/gcc/avr/5.2.0/../../../../avr/lib/avr5/libm.a(mulsf3x.o)
                                                  /usr/lib/gcc/avr/5.2.0/../../../../avr/lib/avr5/libm.a(fixsfsi.o)
                                                  /usr/lib/gcc/avr/5.2.0/../../../../avr/lib/avr5/libm.a(divsf3x.o)
__fp_zero                                         /usr/lib/gcc/avr/5.2.0/../../../../avr/lib/avr5/libm.a(fp_zero.o)
                                                  /usr/lib/gcc/avr/5.2.0/../../../../avr/lib/avr5/libm.a(fixunssfsi.o)
                                                  /usr/lib/gcc/avr/5.2.0/../../../../avr/lib/avr5/libm.a(addsf3x.o)
__gesf2                                           /usr/lib/gcc/avr/5.2.0/../../../../avr/lib/avr5/libm.a(gesf2.o)
__gtsf2                                           /usr/lib/gcc/avr/5.2.0/../../../../avr/lib/avr5/libm.a(gesf2.o)
                                                  bin/libcore.a(Print.o)
__heap_end                                        /usr/lib/gcc/avr/5.2.0/../../../../avr/lib/avr5/crtatmega32u4.o
__init                                            /usr/lib/gcc/avr/5.2.0/../../../../avr/lib/avr5/crtatmega32u4.o
__lesf2                                           /usr/lib/gcc/avr/5.2.0/../../../../avr/lib/avr5/libm.a(cmpsf2.o)
                                                  bin/libcore.a(Print.o)
__ltsf2                                           /usr/lib/gcc/avr/5.2.0/../../../../avr/lib/avr5/libm.a(cmpsf2.o)
                                                  bin/libcore.a(Print.o)
__mulsf3                                          /usr/lib/gcc/avr/5.2.0/../../../../avr/lib/avr5/libm.a(mulsf3.o)
                                                  bin/libcore.a(Print.o)
__mulsf3_pse                                      /usr/lib/gcc/avr/5.2.0/../../../../avr/lib/avr5/libm.a(mulsf3x.o)
__mulsf3x                                         /usr/lib/gcc/avr/5.2.0/../../../../avr/lib/avr5/libm.a(mulsf3x.o)
                                                  /usr/lib/gcc/avr/5.2.0/../../../../avr/lib/avr5/libm.a(mulsf3.o)
__nesf2                                           /usr/lib/gcc/avr/5.2.0/../../../../avr/lib/avr5/libm.a(cmpsf2.o)
__stack                                           /usr/lib/gcc/avr/5.2.0/../../../../avr/lib/avr5/crtatmega32u4.o
__subsf3                                          /usr/lib/gcc/avr/5.2.0/../../../../avr/lib/avr5/libm.a(addsf3.o)
                                                  bin/libcore.a(Print.o)
__tablejump2__                                    /usr/lib/gcc/avr/5.2.0/avr5/libgcc.a(_tablejump2.o)
                                                  /usr/lib/gcc/avr/5.2.0/avr5/libgcc.a(_ctors.o)
                                                  bin/libcore.a(wiring_digital.o)
__udivmodsi4                                      /usr/lib/gcc/avr/5.2.0/avr5/libgcc.a(_udivmodsi4.o)
                                                  bin/libcore.a(Print.o)
                                                  bin/Wire.o
__unordsf2                                        /usr/lib/gcc/avr/5.2.0/../../../../avr/lib/avr5/libm.a(unordsf2.o)
                                                  bin/libcore.a(Print.o)
__vector_1                                        /usr/lib/gcc/avr/5.2.0/../../../../avr/lib/avr5/crtatmega32u4.o
__vector_10                                       bin/libcore.a(USBCore.o)
                                                  /usr/lib/gcc/avr/5.2.0/../../../../avr/lib/avr5/crtatmega32u4.o
__vector_11                                       bin/libcore.a(USBCore.o)
                                                  /usr/lib/gcc/avr/5.2.0/../../../../avr/lib/avr5/crtatmega32u4.o
__vector_12                                       /usr/lib/gcc/avr/5.2.0/../../../../avr/lib/avr5/crtatmega32u4.o
__vector_13                                       /usr/lib/gcc/avr/5.2.0/../../../../avr/lib/avr5/crtatmega32u4.o
__vector_14                                       /usr/lib/gcc/avr/5.2.0/../../../../avr/lib/avr5/crtatmega32u4.o
__vector_15                                       /usr/lib/gcc/avr/5.2.0/../../../../avr/lib/avr5/crtatmega32u4.o
__vector_16                                       /usr/lib/gcc/avr/5.2.0/../../../../avr/lib/avr5/crtatmega32u4.o
__vector_17                                       /usr/lib/gcc/avr/5.2.0/../../../../avr/lib/avr5/crtatmega32u4.o
__vector_18                                       /usr/lib/gcc/avr/5.2.0/../../../../avr/lib/avr5/crtatmega32u4.o
__vector_19                                       /usr/lib/gcc/avr/5.2.0/../../../../avr/lib/avr5/crtatmega32u4.o
__vector_2                                        /usr/lib/gcc/avr/5.2.0/../../../../avr/lib/avr5/crtatmega32u4.o
__vector_20                                       /usr/lib/gcc/avr/5.2.0/../../../../avr/lib/avr5/crtatmega32u4.o
__vector_21                                       /usr/lib/gcc/avr/5.2.0/../../../../avr/lib/avr5/crtatmega32u4.o
__vector_22                                       /usr/lib/gcc/avr/5.2.0/../../../../avr/lib/avr5/crtatmega32u4.o
__vector_23                                       bin/libcore.a(wiring.o)
                                                  /usr/lib/gcc/avr/5.2.0/../../../../avr/lib/avr5/crtatmega32u4.o
__vector_24                                       /usr/lib/gcc/avr/5.2.0/../../../../avr/lib/avr5/crtatmega32u4.o
__vector_25                                       /usr/lib/gcc/avr/5.2.0/../../../../avr/lib/avr5/crtatmega32u4.o
__vector_26                                       /usr/lib/gcc/avr/5.2.0/../../../../avr/lib/avr5/crtatmega32u4.o
__vector_27                                       /usr/lib/gcc/avr/5.2.0/../../../../avr/lib/avr5/crtatmega32u4.o
__vector_28                                       /usr/lib/gcc/avr/5.2.0/../../../../avr/lib/avr5/crtatmega32u4.o
__vector_29                                       /usr/lib/gcc/avr/5.2.0/../../../../avr/lib/avr5/crtatmega32u4.o
__vector_3                                        /usr/lib/gcc/avr/5.2.0/../../../../avr/lib/avr5/crtatmega32u4.o
__vector_30                                       /usr/lib/gcc/avr/5.2.0/../../../../avr/lib/avr5/crtatmega32u4.o
__vector_31                                       /usr/lib/gcc/avr/5.2.0/../../../../avr/lib/avr5/crtatmega32u4.o
__vector_32                                       /usr/lib/gcc/avr/5.2.0/../../../../avr/lib/avr5/crtatmega32u4.o
__vector_33                                       /usr/lib/gcc/avr/5.2.0/../../../../avr/lib/avr5/crtatmega32u4.o
__vector_34                                       /usr/lib/gcc/avr/5.2.0/../../../../avr/lib/avr5/crtatmega32u4.o
__vector_35                                       /usr/lib/gcc/avr/5.2.0/../../../../avr/lib/avr5/crtatmega32u4.o
__vector_36                                       bin/twi.o
                                                  /usr/lib/gcc/avr/5.2.0/../../../../avr/lib/avr5/crtatmega32u4.o
__vector_37                                       /usr/lib/gcc/avr/5.2.0/../../../../avr/lib/avr5/crtatmega32u4.o
__vector_38                                       /usr/lib/gcc/avr/5.2.0/../../../../avr/lib/avr5/crtatmega32u4.o
__vector_39                                       /usr/lib/gcc/avr/5.2.0/../../../../avr/lib/avr5/crtatmega32u4.o
__vector_4                                        /usr/lib/gcc/avr/5.2.0/../../../../avr/lib/avr5/crtatmega32u4.o
__vector_40                                       /usr/lib/gcc/avr/5.2.0/../../../../avr/lib/avr5/crtatmega32u4.o
__vector_41                                       /usr/lib/gcc/avr/5.2.0/../../../../avr/lib/avr5/crtatmega32u4.o
__vector_42                                       /usr/lib/gcc/avr/5.2.0/../../../../avr/lib/avr5/crtatmega32u4.o
__vector_5                                        /usr/lib/gcc/avr/5.2.0/../../../../avr/lib/avr5/crtatmega32u4.o
__vector_6                                        /usr/lib/gcc/avr/5.2.0/../../../../avr/lib/avr5/crtatmega32u4.o
__vector_7                                        /usr/lib/gcc/avr/5.2.0/../../../../avr/lib/avr5/crtatmega32u4.o
__vector_8                                        /usr/lib/gcc/avr/5.2.0/../../../../avr/lib/avr5/crtatmega32u4.o
__vector_9                                        /usr/lib/gcc/avr/5.2.0/../../../../avr/lib/avr5/crtatmega32u4.o
__vector_default                                  /usr/lib/gcc/avr/5.2.0/../../../../avr/lib/avr5/crtatmega32u4.o
__vectors                                         /usr/lib/gcc/avr/5.2.0/../../../../avr/lib/avr5/crtatmega32u4.o
_asciimap                                         bin/libcore.a(HID.o)
_cdcComposite                                     bin/libcore.a(USBCore.o)
_cdcInterface                                     bin/libcore.a(CDC.o)
_cend                                             bin/libcore.a(USBCore.o)
_cmark                                            bin/libcore.a(USBCore.o)
_exit                                             /usr/lib/gcc/avr/5.2.0/avr5/libgcc.a(_exit.o)
                                                  /usr/lib/gcc/avr/5.2.0/../../../../avr/lib/avr5/libc.a(abort.o)
_hidInterface                                     bin/libcore.a(HID.o)
_hidReportDescriptor                              bin/libcore.a(HID.o)
_hid_idle                                         bin/libcore.a(HID.o)
_hid_protocol                                     bin/libcore.a(HID.o)
_initEndpoints                                    bin/libcore.a(USBCore.o)
_usbConfiguration                                 bin/libcore.a(USBCore.o)
abort                                             /usr/lib/gcc/avr/5.2.0/../../../../avr/lib/avr5/libc.a(abort.o)
                                                  bin/libcore.a(abi.o)
analog_pin_to_channel_PGM                         bin/libcore.a(wiring_digital.o)
atexit                                            bin/main.o
delay                                             bin/libcore.a(wiring.o)
                                                  bin/libcore.a(CDC.o)
                                                  bin/libcore.a(USBCore.o)
delayMicroseconds                                 bin/libcore.a(wiring.o)
digitalRead                                       bin/libcore.a(wiring_digital.o)
digitalWrite                                      bin/libcore.a(wiring_digital.o)
                                                  bin/SPI.o
                                                  bin/twi.o
digital_pin_to_bit_mask_PGM                       bin/libcore.a(wiring_digital.o)
                                                  bin/SPI.o
digital_pin_to_port_PGM                           bin/libcore.a(wiring_digital.o)
                                                  bin/SPI.o
digital_pin_to_timer_PGM                          bin/libcore.a(wiring_digital.o)
exit                                              /usr/lib/gcc/avr/5.2.0/avr5/libgcc.a(_exit.o)
                                                  /usr/lib/gcc/avr/5.2.0/../../../../avr/lib/avr5/crtatmega32u4.o
init                                              bin/libcore.a(wiring.o)
                                                  bin/main.o
initVariant                                       bin/main.o
loop                                              bin/main.o
main                                              bin/Nicole.o
                                                  bin/main.o
                                                  /usr/lib/gcc/avr/5.2.0/../../../../avr/lib/avr5/crtatmega32u4.o
micros                                            bin/libcore.a(wiring.o)
millis                                            bin/libcore.a(wiring.o)
pinMode                                           bin/libcore.a(wiring_digital.o)
                                                  bin/SPI.o
port_to_input_PGM                                 bin/libcore.a(wiring_digital.o)
port_to_mode_PGM                                  bin/libcore.a(wiring_digital.o)
                                                  bin/SPI.o
port_to_output_PGM                                bin/libcore.a(wiring_digital.o)
serialEventRun()                                  bin/main.o
setup                                             bin/main.o
timer0_millis                                     bin/libcore.a(wiring.o)
timer0_overflow_count                             bin/libcore.a(wiring.o)
twi_attachSlaveRxEvent                            bin/twi.o
                                                  bin/Wire.o
twi_attachSlaveTxEvent                            bin/twi.o
                                                  bin/Wire.o
twi_init                                          bin/twi.o
                                                  bin/Wire.o
twi_readFrom                                      bin/twi.o
                                                  bin/Wire.o
twi_releaseBus                                    bin/twi.o
twi_reply                                         bin/twi.o
twi_setAddress                                    bin/twi.o
                                                  bin/Wire.o
twi_stop                                          bin/twi.o
twi_transmit                                      bin/twi.o
                                                  bin/Wire.o
twi_writeTo                                       bin/twi.o
                                                  bin/Wire.o
vtable for Keyboard_                              bin/libcore.a(HID.o)
vtable for Print                                  bin/libcore.a(Print.o)
vtable for Serial_                                bin/libcore.a(CDC.o)
vtable for TwoWire                                bin/Wire.o
yield                                             bin/libcore.a(hooks.o)
                                                  bin/libcore.a(wiring.o)
